Component: ARM Compiler 5.06 update 7 (build 960) Tool: armlink [4d3601]

==============================================================================

Section Cross References

    system_stm32f10x.o(.text) refers to system_stm32f10x.o(.data) for SystemCoreClock
    stm32f10x_adc.o(.text) refers to stm32f10x_rcc.o(.text) for RCC_APB2PeriphResetCmd
    stm32f10x_bkp.o(.text) refers to stm32f10x_rcc.o(.text) for RCC_BackupResetCmd
    stm32f10x_can.o(.text) refers to stm32f10x_rcc.o(.text) for RCC_APB1PeriphResetCmd
    stm32f10x_cec.o(.text) refers to stm32f10x_rcc.o(.text) for RCC_APB1PeriphResetCmd
    stm32f10x_dac.o(.text) refers to stm32f10x_rcc.o(.text) for RCC_APB1PeriphResetCmd
    stm32f10x_gpio.o(.text) refers to stm32f10x_rcc.o(.text) for RCC_APB2PeriphResetCmd
    stm32f10x_i2c.o(.text) refers to stm32f10x_rcc.o(.text) for RCC_APB1PeriphResetCmd
    stm32f10x_pwr.o(.text) refers to stm32f10x_rcc.o(.text) for RCC_APB1PeriphResetCmd
    stm32f10x_rcc.o(.text) refers to stm32f10x_rcc.o(.data) for APBAHBPrescTable
    stm32f10x_spi.o(.text) refers to stm32f10x_rcc.o(.text) for RCC_APB2PeriphResetCmd
    stm32f10x_tim.o(.text) refers to stm32f10x_rcc.o(.text) for RCC_APB2PeriphResetCmd
    stm32f10x_usart.o(.text) refers to stm32f10x_rcc.o(.text) for RCC_APB2PeriphResetCmd
    stm32f10x_wwdg.o(.text) refers to stm32f10x_rcc.o(.text) for RCC_APB1PeriphResetCmd
    startup_stm32f10x_hd.o(STACK) refers (Special) to heapauxi.o(.text) for __use_two_region_memory
    startup_stm32f10x_hd.o(HEAP) refers (Special) to heapauxi.o(.text) for __use_two_region_memory
    startup_stm32f10x_hd.o(RESET) refers (Special) to heapauxi.o(.text) for __use_two_region_memory
    startup_stm32f10x_hd.o(RESET) refers to startup_stm32f10x_hd.o(STACK) for __initial_sp
    startup_stm32f10x_hd.o(RESET) refers to startup_stm32f10x_hd.o(.text) for Reset_Handler
    startup_stm32f10x_hd.o(RESET) refers to stm32f10x_it.o(.text) for NMI_Handler
    startup_stm32f10x_hd.o(RESET) refers to stm32f10x_externlib_timer.o(.text) for TIM1_UP_IRQHandler
    startup_stm32f10x_hd.o(RESET) refers to stm32f10x_externlib_usart.o(.text) for USART1_IRQHandler
    startup_stm32f10x_hd.o(.text) refers (Special) to heapauxi.o(.text) for __use_two_region_memory
    startup_stm32f10x_hd.o(.text) refers to system_stm32f10x.o(.text) for SystemInit
    startup_stm32f10x_hd.o(.text) refers to __main.o(!!!main) for __main
    startup_stm32f10x_hd.o(.text) refers to startup_stm32f10x_hd.o(HEAP) for Heap_Mem
    startup_stm32f10x_hd.o(.text) refers to startup_stm32f10x_hd.o(STACK) for Stack_Mem
    main.o(.text) refers to stm32f10x_externlib.o(.text) for STM32F10x_ExternLib_Initialize
    main.o(.text) refers to stm32f10x_externlib_timer.o(.text) for TIM_GenerateUninitialize
    main.o(.text) refers to stm32f10x_externlib_42steppermotor.o(.text) for StepperMotor42_InitializeGroup
    main.o(.text) refers to stm32f10x_externlib_gpio.o(.text) for GPIO_GenerateUninitialize
    main.o(.text) refers to main.o(.data) for motorGroup
    memorymanage.o(.text) refers to memorymanage.o(.bss) for MeM_MemoryPool
    stm32f10x_externlib.o(.text) refers to memorymanage.o(.text) for MeM_Init
    stm32f10x_externlib_gpio.o(.text) refers to stm32f10x_rcc.o(.text) for RCC_APB2PeriphClockCmd
    stm32f10x_externlib_gpio.o(.text) refers to memorymanage.o(.text) for MeM_Request
    stm32f10x_externlib_gpio.o(.text) refers to stm32f10x_gpio.o(.text) for GPIO_Init
    stm32f10x_externlib_gpio.o(.text) refers to stm32f10x_externlib.o(.constdata) for EmptyObject
    stm32f10x_externlib_pwm.o(.text) refers to stm32f10x_tim.o(.text) for TIM_Cmd
    stm32f10x_externlib_pwm.o(.text) refers to stm32f10x_externlib_gpio.o(.text) for GPIO_InitializeObject
    stm32f10x_externlib_pwm.o(.text) refers to memorymanage.o(.text) for MeM_Request
    stm32f10x_externlib_pwm.o(.text) refers to stm32f10x_externlib_timer.o(.text) for TIM_GetReloadValue
    stm32f10x_externlib_pwm.o(.text) refers to stm32f10x_externlib.o(.constdata) for EmptyObject
    stm32f10x_externlib_timer.o(.text) refers to stm32f10x_tim.o(.text) for TIM_DeInit
    stm32f10x_externlib_timer.o(.text) refers to memorymanage.o(.text) for MeM_Release
    stm32f10x_externlib_timer.o(.text) refers to stm32f10x_rcc.o(.text) for RCC_APB2PeriphClockCmd
    stm32f10x_externlib_timer.o(.text) refers to misc.o(.text) for NVIC_Init
    stm32f10x_externlib_timer.o(.text) refers to system_stm32f10x.o(.text) for SystemCoreClockUpdate
    stm32f10x_externlib_timer.o(.text) refers to stm32f10x_externlib_timer.o(.data) for TIM1Periph
    stm32f10x_externlib_timer.o(.text) refers to system_stm32f10x.o(.data) for SystemCoreClock
    stm32f10x_externlib_usart.o(.text) refers to h1_free.o(.text) for free
    stm32f10x_externlib_usart.o(.text) refers to stm32f10x_usart.o(.text) for USART_SendData
    stm32f10x_externlib_usart.o(.text) refers to h1_alloc.o(.text) for malloc
    stm32f10x_externlib_usart.o(.text) refers to strlen.o(.text) for strlen
[...]
    defsig.o(CL$$defsig) refers to defsig_rtmem_inner.o(.text) for __rt_SIGRTMEM_inner
    defsig_abrt_inner.o(.text) refers to defsig_general.o(.text) for __default_signal_display
    defsig_fpe_inner.o(.text) refers to defsig_general.o(.text) for __default_signal_display
    defsig_rtred_inner.o(.text) refers to defsig_general.o(.text) for __default_signal_display
    defsig_stak_inner.o(.text) refers to defsig_general.o(.text) for __default_signal_display
    defsig_pvfn_inner.o(.text) refers to defsig_general.o(.text) for __default_signal_display
    defsig_cppl_inner.o(.text) refers to defsig_general.o(.text) for __default_signal_display
    defsig_segv_inner.o(.text) refers to defsig_general.o(.text) for __default_signal_display
    defsig_other.o(.text) refers to defsig_general.o(.text) for __default_signal_display
    libshutdown.o(.ARM.Collect$$libshutdown$$00000000) refers (Special) to libshutdown2.o(.ARM.Collect$$libshutdown$$00000004) for __rt_lib_shutdown_cpp_1
    libshutdown.o(.ARM.Collect$$libshutdown$$00000000) refers (Special) to libshutdown2.o(.ARM.Collect$$libshutdown$$00000002) for __rt_lib_shutdown_fini_1
    libshutdown.o(.ARM.Collect$$libshutdown$$00000000) refers (Special) to libshutdown2.o(.ARM.Collect$$libshutdown$$00000009) for __rt_lib_shutdown_fp_trap_1
    libshutdown.o(.ARM.Collect$$libshutdown$$00000000) refers (Special) to libshutdown2.o(.ARM.Collect$$libshutdown$$00000011) for __rt_lib_shutdown_heap_1
    libshutdown.o(.ARM.Collect$$libshutdown$$00000000) refers (Special) to libshutdown2.o(.ARM.Collect$$libshutdown$$00000012) for __rt_lib_shutdown_return
    libshutdown.o(.ARM.Collect$$libshutdown$$00000000) refers (Special) to libshutdown2.o(.ARM.Collect$$libshutdown$$0000000C) for __rt_lib_shutdown_signal_1
    libshutdown.o(.ARM.Collect$$libshutdown$$00000000) refers (Special) to libshutdown2.o(.ARM.Collect$$libshutdown$$00000006) for __rt_lib_shutdown_stdio_1
    libshutdown.o(.ARM.Collect$$libshutdown$$00000000) refers (Special) to libshutdown2.o(.ARM.Collect$$libshutdown$$0000000E) for __rt_lib_shutdown_user_alloc_1


==============================================================================

Removing Unused input sections from the image.

    Removing core_cm3.o(.emb_text), (32 bytes).
    Removing stm32f10x_adc.o(.text), (1102 bytes).
    Removing stm32f10x_bkp.o(.text), (196 bytes).
    Removing stm32f10x_can.o(.text), (2544 bytes).
    Removing stm32f10x_cec.o(.text), (288 bytes).
    Removing stm32f10x_crc.o(.text), (72 bytes).
    Removing stm32f10x_dac.o(.text), (396 bytes).
    Removing stm32f10x_dbgmcu.o(.text), (48 bytes).
    Removing stm32f10x_dma.o(.text), (596 bytes).
    Removing stm32f10x_exti.o(.text), (284 bytes).
    Removing stm32f10x_flash.o(.text), (1468 bytes).
    Removing stm32f10x_fsmc.o(.text), (1548 bytes).
    Removing stm32f10x_i2c.o(.text), (1028 bytes).
    Removing stm32f10x_iwdg.o(.text), (64 bytes).
    Removing stm32f10x_pwr.o(.text), (204 bytes).
    Removing stm32f10x_rtc.o(.text), (328 bytes).
    Removing stm32f10x_sdio.o(.text), (468 bytes).
    Removing stm32f10x_spi.o(.text), (780 bytes).
    Removing stm32f10x_wwdg.o(.text), (136 bytes).
    Removing stm32f10x_externlib_pwm.o(.text), (392 bytes).

20 unused section(s) (total 11974 bytes) removed from the image.

==============================================================================

Image Symbol Table

    Local Symbols

    Symbol Name                              Value     Ov Type        Size  Object(Section)

    ../clib/angel/boardlib.s                 0x00000000   Number         0  boardshut.o ABSOLUTE
    ../clib/angel/boardlib.s                 0x00000000   Number         0  boardinit1.o ABSOLUTE
    ../clib/angel/boardlib.s                 0x00000000   Number         0  boardinit2.o ABSOLUTE
    ../clib/angel/boardlib.s                 0x00000000   Number         0  boardinit3.o ABSOLUTE
    ../clib/angel/handlers.s                 0x00000000   Number         0  __scatter_copy.o ABSOLUTE
    ../clib/angel/handlers.s                 0x00000000   Number         0  __scatter_zi.o ABSOLUTE
    ../clib/angel/kernel.s                   0x00000000   Number         0  __rtentry.o ABSOLUTE
    ../clib/angel/kernel.s                   0x00000000   Number         0  rtexit2.o ABSOLUTE
    ../clib/angel/kernel.s                   0x00000000   Number         0  rtexit.o ABSOLUTE
    ../clib/angel/kernel.s                   0x00000000   Number         0  __rtentry4.o ABSOLUTE
    ../clib/angel/kernel.s                   0x00000000   Number         0  __rtentry2.o ABSOLUTE
    ../clib/angel/rt.s                       0x00000000   Number         0  rt_heap_descriptor_intlibspace.o ABSOLUTE
    ../clib/angel/rt.s                       0x00000000   Number         0  rt_heap_descriptor.o ABSOLUTE
    ../clib/angel/rt.s                       0x00000000   Number         0  rt_raise.o ABSOLUTE
    ../clib/angel/scatter.s                  0x00000000   Number         0  __scatter.o ABSOLUTE
    ../clib/angel/startup.s                  0x00000000   Number         0  __main.o ABSOLUTE
    ../clib/angel/sys.s                      0x00000000   Number         0  libspace.o ABSOLUTE
    ../clib/angel/sys.s                      0x00000000   Number         0  indicate_semi.o ABSOLUTE
    ../clib/angel/sys.s                      0x00000000   Number         0  use_no_semi.o ABSOLUTE
    ../clib/angel/sys.s                      0x00000000   Number         0  mutex_dummy.o ABSOLUTE
    ../clib/angel/sys.s                      0x00000000   Number         0  sys_stackheap_outer.o ABSOLUTE
    ../clib/angel/sysapp.c                   0x00000000   Number         0  sys_wrch.o ABSOLUTE
    ../clib/angel/sysapp.c                   0x00000000   Number         0  sys_exit.o ABSOLUTE
    ../clib/angel/sysapp.c                   0x00000000   Number         0  sys_command.o ABSOLUTE
    ../clib/armsys.c                         0x00000000   Number         0  no_argv.o ABSOLUTE
    ../clib/armsys.c                         0x00000000   Number         0  argv_veneer.o ABSOLUTE
    ../clib/armsys.c                         0x00000000   Number         0  _get_argv.o ABSOLUTE
    ../clib/armsys.c                         0x00000000   Number         0  argv_veneer.o ABSOLUTE
    ../clib/armsys.c                         0x00000000   Number         0  _get_argv_nomalloc.o ABSOLUTE
    ../clib/heap1.c                          0x00000000   Number         0  h1_alloc_mt.o ABSOLUTE
    ../clib/heap1.c                          0x00000000   Number         0  h1_final_mt.o ABSOLUTE
    ../clib/heap1.c                          0x00000000   Number         0  h1_free_mt.o ABSOLUTE
    ../clib/heap1.c                          0x00000000   Number         0  h1_extend_mt.o ABSOLUTE
    ../clib/heap1.c                          0x00000000   Number         0  h1_extend.o ABSOLUTE
    ../clib/heap1.c                          0x00000000   Number         0  h1_alloc.o ABSOLUTE
    ../clib/heap1.c                          0x00000000   Number         0  h1_free.o ABSOLUTE
    ../clib/heap1.c                          0x00000000   Number         0  h1_final.o ABSOLUTE
    ../clib/heap1.c                          0x00000000   Number         0  h1_init_mt.o ABSOLUTE
    ../clib/heap1.c                          0x00000000   Number         0  h1_init.o ABSOLUTE
    ../clib/heap2.c                          0x00000000   Number         0  heap2mt.o ABSOLUTE
    ../clib/heap2.c                          0x00000000   Number         0  heap2.o ABSOLUTE
    ../clib/heap2.c                          0x00000000   Number         0  fdtree.o ABSOLUTE
    ../clib/heapalloc.c                      0x00000000   Number         0  maybetermalloc2.o ABSOLUTE
    ../clib/heapalloc.c                      0x00000000   Number         0  maybetermalloc1.o ABSOLUTE
    ../clib/heapalloc.c                      0x00000000   Number         0  maybetermalloc1.o ABSOLUTE
    ../clib/heapalloc.c                      0x00000000   Number         0  hrguard.o ABSOLUTE
    ../clib/heapalloc.c                      0x00000000   Number         0  term_alloc.o ABSOLUTE
    ../clib/heapalloc.c                      0x00000000   Number         0  free.o ABSOLUTE
    ../clib/heapalloc.c                      0x00000000   Number         0  init_alloc.o ABSOLUTE
    ../clib/heapalloc.c                      0x00000000   Number         0  hguard.o ABSOLUTE
    ../clib/heapalloc.c                      0x00000000   Number         0  heapstubs.o ABSOLUTE
    ../clib/heapalloc.c                      0x00000000   Number         0  malloc.o ABSOLUTE
    ../clib/heapalloc.c                      0x00000000   Number         0  maybetermalloc2.o ABSOLUTE
    ../clib/heapaux.c                        0x00000000   Number         0  heapauxa.o ABSOLUTE
    ../clib/heapaux.c                        0x00000000   Number         0  heapauxi.o ABSOLUTE
    ../clib/libinit.s                        0x00000000   Number         0  libinit2.o ABSOLUTE
    ../clib/libinit.s                        0x00000000   Number         0  libshutdown.o ABSOLUTE
    ../clib/libinit.s                        0x00000000   Number         0  libshutdown2.o ABSOLUTE
    ../clib/libinit.s                        0x00000000   Number         0  libinit.o ABSOLUTE
    ../clib/memcpset.s                       0x00000000   Number         0  rt_memcpy_w.o ABSOLUTE
    ../clib/signal.c                         0x00000000   Number         0  defsig_cppl_inner.o ABSOLUTE
    ../clib/signal.c                         0x00000000   Number         0  defsig_pvfn_inner.o ABSOLUTE
    ../clib/signal.c                         0x00000000   Number         0  defsig_stak_inner.o ABSOLUTE
    ../clib/signal.c                         0x00000000   Number         0  defsig_rtmem_inner.o ABSOLUTE
    ../clib/signal.c                         0x00000000   Number         0  defsig_exit.o ABSOLUTE
    ../clib/signal.c                         0x00000000   Number         0  defsig_rtred_inner.o ABSOLUTE
    ../clib/signal.c                         0x00000000   Number         0  defsig_fpe_inner.o ABSOLUTE
    ../clib/signal.c                         0x00000000   Number         0  defsig_abrt_inner.o ABSOLUTE
    ../clib/signal.c                         0x00000000   Number         0  defsig_other.o ABSOLUTE
    ../clib/signal.c                         0x00000000   Number         0  defsig_rtmem_formal.o ABSOLUTE
    ../clib/signal.c                         0x00000000   Number         0  defsig_rtmem_outer.o ABSOLUTE
    ../clib/signal.c                         0x00000000   Number         0  defsig_segv_inner.o ABSOLUTE
    ../clib/signal.c                         0x00000000   Number         0  defsig_general.o ABSOLUTE
    ../clib/signal.c                         0x00000000   Number         0  __raise.o ABSOLUTE
    ../clib/signal.s                         0x00000000   Number         0  defsig.o ABSOLUTE
    ../clib/stdlib.c                         0x00000000   Number         0  exit.o ABSOLUTE
    ../clib/string.c                         0x00000000   Number         0  strlen.o ABSOLUTE
    ../fplib/fdiv.s                          0x00000000   Number         0  fdiv.o ABSOLUTE
    ../fplib/ffixu.s                         0x00000000   Number         0  ffixu.o ABSOLUTE
    ../fplib/fmul.s                          0x00000000   Number         0  fmul.o ABSOLUTE
    ../fplib/fnaninf.s                       0x00000000   Number         0  fnaninf.o ABSOLUTE
    ../fplib/fpinit.s                        0x00000000   Number         0  fpinit.o ABSOLUTE
    ../fplib/fretinf.s                       0x00000000   Number         0  fretinf.o ABSOLUTE
    ../fplib/usenofp.s                       0x00000000   Number         0  usenofp.o ABSOLUTE
    Basic\MemoryManage.c                     0x00000000   Number         0  memorymanage.o ABSOLUTE
    Basic\STM32F10x_ExternLib.c              0x00000000   Number         0  stm32f10x_externlib.o ABSOLUTE
    Basic\STM32F10x_ExternLib_GPIO.c         0x00000000   Number         0  stm32f10x_externlib_gpio.o ABSOLUTE
    Basic\STM32F10x_ExternLib_PWM.c          0x00000000   Number         0  stm32f10x_externlib_pwm.o ABSOLUTE
    Basic\STM32F10x_ExternLib_Timer.c        0x00000000   Number         0  stm32f10x_externlib_timer.o ABSOLUTE
    Basic\STM32F10x_ExternLib_USART.c        0x00000000   Number         0  stm32f10x_externlib_usart.o ABSOLUTE
    CMSIS\\core_cm3.c                        0x00000000   Number         0  core_cm3.o ABSOLUTE
    CMSIS\core_cm3.c                         0x00000000   Number         0  core_cm3.o ABSOLUTE
    CMSIS\system_stm32f10x.c                 0x00000000   Number         0  system_stm32f10x.o ABSOLUTE
    Hardware\STM32F10x_ExternLib_42StepperMotor.c 0x00000000   Number         0  stm32f10x_externlib_42steppermotor.o ABSOLUTE
    Library\src\misc.c                       0x00000000   Number         0  misc.o ABSOLUTE
    Library\src\stm32f10x_adc.c              0x00000000   Number         0  stm32f10x_adc.o ABSOLUTE
    Library\src\stm32f10x_bkp.c              0x00000000   Number         0  stm32f10x_bkp.o ABSOLUTE
    Library\src\stm32f10x_can.c              0x00000000   Number         0  stm32f10x_can.o ABSOLUTE
    Library\src\stm32f10x_cec.c              0x00000000   Number         0  stm32f10x_cec.o ABSOLUTE
    Library\src\stm32f10x_crc.c              0x00000000   Number         0  stm32f10x_crc.o ABSOLUTE
    Library\src\stm32f10x_dac.c              0x00000000   Number         0  stm32f10x_dac.o ABSOLUTE
    Library\src\stm32f10x_dbgmcu.c           0x00000000   Number         0  stm32f10x_dbgmcu.o ABSOLUTE
    Library\src\stm32f10x_dma.c              0x00000000   Number         0  stm32f10x_dma.o ABSOLUTE
    Library\src\stm32f10x_exti.c             0x00000000   Number         0  stm32f10x_exti.o ABSOLUTE
    Library\src\stm32f10x_flash.c            0x00000000   Number         0  stm32f10x_flash.o ABSOLUTE
    Library\src\stm32f10x_fsmc.c             0x00000000   Number         0  stm32f10x_fsmc.o ABSOLUTE
    Library\src\stm32f10x_gpio.c             0x00000000   Number         0  stm32f10x_gpio.o ABSOLUTE
    Library\src\stm32f10x_i2c.c              0x00000000   Number         0  stm32f10x_i2c.o ABSOLUTE
    Library\src\stm32f10x_iwdg.c             0x00000000   Number         0  stm32f10x_iwdg.o ABSOLUTE
    Library\src\stm32f10x_pwr.c              0x00000000   Number         0  stm32f10x_pwr.o ABSOLUTE
    Library\src\stm32f10x_rcc.c              0x00000000   Number         0  stm32f10x_rcc.o ABSOLUTE
    Library\src\stm32f10x_rtc.c              0x00000000   Number         0  stm32f10x_rtc.o ABSOLUTE
    Library\src\stm32f10x_sdio.c             0x00000000   Number         0  stm32f10x_sdio.o ABSOLUTE
    Library\src\stm32f10x_spi.c              0x00000000   Number         0  stm32f10x_spi.o ABSOLUTE
    Library\src\stm32f10x_tim.c              0x00000000   Number         0  stm32f10x_tim.o ABSOLUTE
    Library\src\stm32f10x_usart.c            0x00000000   Number         0  stm32f10x_usart.o ABSOLUTE
    Library\src\stm32f10x_wwdg.c             0x00000000   Number         0  stm32f10x_wwdg.o ABSOLUTE
    Startup\startup_stm32f10x_hd.s           0x00000000   Number         0  startup_stm32f10x_hd.o ABSOLUTE
    User\main.c                              0x00000000   Number         0  main.o ABSOLUTE
    User\stm32f10x_it.c                      0x00000000   Number         0  stm32f10x_it.o ABSOLUTE
    dc.s                                     0x00000000   Number         0  dc.o ABSOLUTE
    RESET                                    0x08000000   Section      304  startup_stm32f10x_hd.o(RESET)
    !!!main                                  0x08000130   Section        8  __main.o(!!!main)
    !!!scatter                               0x08000138   Section       52  __scatter.o(!!!scatter)
    !!handler_copy                           0x0800016c   Section       26  __scatter_copy.o(!!handler_copy)
    !!handler_zi                             0x08000188   Section       28  __scatter_zi.o(!!handler_zi)
    .ARM.Collect$$libinit$$00000000          0x080001a4   Section        2  libinit.o(.ARM.Collect$$libinit$$00000000)
    .ARM.Collect$$libinit$$00000002          0x080001a6   Section        0  libinit2.o(.ARM.Collect$$libinit$$00000002)
    .ARM.Collect$$libinit$$00000004          0x080001a6   Section        0  libinit2.o(.ARM.Collect$$libinit$$00000004)
    .ARM.Collect$$libinit$$00000005          0x080001a6   Section        8  libinit2.o(.ARM.Collect$$libinit$$00000005)
    .ARM.Collect$$libinit$$0000000A          0x080001ae   Section        0  libinit2.o(.ARM.Collect$$libinit$$0000000A)
    .ARM.Collect$$libinit$$0000000C          0x080001ae   Section        0  libinit2.o(.ARM.Collect$$libinit$$0000000C)
    .ARM.Collect$$libinit$$0000000E          0x080001ae   Section        0  libinit2.o(.ARM.Collect$$libinit$$0000000E)
    .ARM.Collect$$libinit$$00000011          0x080001ae   Section        0  libinit2.o(.ARM.Collect$$libinit$$00000011)
    .ARM.Collect$$libinit$$00000013          0x080001ae   Section        0  libinit2.o(.ARM.Collect$$libinit$$00000013)
    .ARM.Collect$$libinit$$00000015          0x080001ae   Section        0  libinit2.o(.ARM.Collect$$libinit$$00000015)
    .ARM.Collect$$libinit$$00000017          0x080001ae   Section        0  libinit2.o(.ARM.Collect$$libinit$$00000017)
    .ARM.Collect$$libinit$$00000019          0x080001ae   Section        0  libinit2.o(.ARM.Collect$$libinit$$00000019)
    .ARM.Collect$$libinit$$0000001B          0x080001ae   Section        0  libinit2.o(.ARM.Collect$$libinit$$0000001B)
    .ARM.Collect$$libinit$$0000001D          0x080001ae   Section        0  libinit2.o(.ARM.Collect$$libinit$$0000001D)
    .ARM.Collect$$libinit$$0000001F          0x080001ae   Section        0  libinit2.o(.ARM.Collect$$libinit$$0000001F)
    .ARM.Collect$$libinit$$00000021          0x080001ae   Section        0  libinit2.o(.ARM.Collect$$libinit$$00000021)
    .ARM.Collect$$libinit$$00000023          0x080001ae   Section        0  libinit2.o(.ARM.Collect$$libinit$$00000023)
    .ARM.Collect$$libinit$$00000025          0x080001ae   Section        0  libinit2.o(.ARM.Collect$$libinit$$00000025)
    .ARM.Collect$$libinit$$0000002C          0x080001ae   Section        0  libinit2.o(.ARM.Collect$$libinit$$0000002C)
    .ARM.Collect$$libinit$$0000002E          0x080001ae   Section        0  libinit2.o(.ARM.Collect$$libinit$$0000002E)
    .ARM.Collect$$libinit$$00000030          0x080001ae   Section        0  libinit2.o(.ARM.Collect$$libinit$$00000030)
    .ARM.Collect$$libinit$$00000032          0x080001ae   Section        0  libinit2.o(.ARM.Collect$$libinit$$00000032)
    .ARM.Collect$$libinit$$00000033          0x080001ae   Section        2  libinit2.o(.ARM.Collect$$libinit$$00000033)
    .ARM.Collect$$libshutdown$$00000000      0x080001b0   Section        2  libshutdown.o(.ARM.Collect$$libshutdown$$00000000)
    .ARM.Collect$$libshutdown$$00000002      0x080001b2   Section        0  libshutdown2.o(.ARM.Collect$$libshutdown$$00000002)
    .ARM.Collect$$libshutdown$$00000004      0x080001b2   Section        0  libshutdown2.o(.ARM.Collect$$libshutdown$$00000004)
    .ARM.Collect$$libshutdown$$00000006      0x080001b2   Section        0  libshutdown2.o(.ARM.Collect$$libshutdown$$00000006)
    .ARM.Collect$$libshutdown$$00000009      0x080001b2   Section        0  libshutdown2.o(.ARM.Collect$$libshutdown$$00000009)
    .ARM.Collect$$libshutdown$$0000000C      0x080001b2   Section        0  libshutdown2.o(.ARM.Collect$$libshutdown$$0000000C)
    .ARM.Collect$$libshutdown$$0000000E      0x080001b2   Section        0  libshutdown2.o(.ARM.Collect$$libshutdown$$0000000E)
    .ARM.Collect$$libshutdown$$00000011      0x080001b2   Section        0  libshutdown2.o(.ARM.Collect$$libshutdown$$00000011)
    .ARM.Collect$$libshutdown$$00000012      0x080001b2   Section        2  libshutdown2.o(.ARM.Collect$$libshutdown$$00000012)
    .ARM.Collect$$rtentry$$00000000          0x080001b4   Section        0  __rtentry.o(.ARM.Collect$$rtentry$$00000000)
    .ARM.Collect$$rtentry$$00000002          0x080001b4   Section        0  __rtentry2.o(.ARM.Collect$$rtentry$$00000002)
    .ARM.Collect$$rtentry$$00000004          0x080001b4   Section        6  __rtentry4.o(.ARM.Collect$$rtentry$$00000004)
    .ARM.Collect$$rtentry$$00000009          0x080001ba   Section        0  __rtentry2.o(.ARM.Collect$$rtentry$$00000009)
    .ARM.Collect$$rtentry$$0000000A          0x080001ba   Section        4  __rtentry2.o(.ARM.Collect$$rtentry$$0000000A)
    .ARM.Collect$$rtentry$$0000000C          0x080001be   Section        0  __rtentry2.o(.ARM.Collect$$rtentry$$0000000C)
    .ARM.Collect$$rtentry$$0000000D          0x080001be   Section        8  __rtentry2.o(.ARM.Collect$$rtentry$$0000000D)
    .ARM.Collect$$rtexit$$00000000           0x080001c6   Section        2  rtexit.o(.ARM.Collect$$rtexit$$00000000)
    .ARM.Collect$$rtexit$$00000002           0x080001c8   Section        0  rtexit2.o(.ARM.Collect$$rtexit$$00000002)
    .ARM.Collect$$rtexit$$00000003           0x080001c8   Section        4  rtexit2.o(.ARM.Collect$$rtexit$$00000003)
    .ARM.Collect$$rtexit$$00000004           0x080001cc   Section        6  rtexit2.o(.ARM.Collect$$rtexit$$00000004)
    .emb_text                                0x080001d4   Section        0  maybetermalloc1.o(.emb_text)
    .text                                    0x080001d4   Section        0  system_stm32f10x.o(.text)
    SetSysClockTo72                          0x080001d5   Thumb Code   214  system_stm32f10x.o(.text)
    SetSysClock                              0x080002ab   Thumb Code     8  system_stm32f10x.o(.text)
    .text                                    0x080003b4   Section        0  misc.o(.text)
    .text                                    0x08000490   Section        0  stm32f10x_gpio.o(.text)
    .text                                    0x080007ec   Section        0  stm32f10x_rcc.o(.text)
    .text                                    0x08000b90   Section        0  stm32f10x_tim.o(.text)
    TI4_Config                               0x08001037   Thumb Code   130  stm32f10x_tim.o(.text)
    TI3_Config                               0x080010cb   Thumb Code   122  stm32f10x_tim.o(.text)
    TI2_Config                               0x0800115f   Thumb Code   130  stm32f10x_tim.o(.text)
    TI1_Config                               0x080011f3   Thumb Code   108  stm32f10x_tim.o(.text)
    .text                                    0x080019ac   Section        0  stm32f10x_usart.o(.text)
    .text                                    0x08001db4   Section       64  startup_stm32f10x_hd.o(.text)
    .text                                    0x08001df4   Section        0  main.o(.text)
    .text                                    0x08001e7c   Section        0  stm32f10x_it.o(.text)
    .text                                    0x08001e98   Section        0  memorymanage.o(.text)
    .text                                    0x08001f78   Section        0  stm32f10x_externlib.o(.text)
    .text                                    0x08001f8c   Section        0  stm32f10x_externlib_gpio.o(.text)
    .text                                    0x0800233c   Section        0  stm32f10x_externlib_timer.o(.text)
    .text                                    0x08002e1c   Section        0  stm32f10x_externlib_usart.o(.text)
    .text                                    0x080032a0   Section        0  stm32f10x_externlib_42steppermotor.o(.text)
    .text                                    0x080036d8   Section        0  h1_alloc.o(.text)
    .text                                    0x08003736   Section        0  h1_free.o(.text)
    .text                                    0x08003784   Section        0  strlen.o(.text)
    .text                                    0x080037c2   Section        0  heapauxi.o(.text)
    .text                                    0x080037c8   Section        8  rt_heap_descriptor_intlibspace.o(.text)
    .text                                    0x080037d0   Section        0  hguard.o(.text)
    .text                                    0x080037d4   Section        0  init_alloc.o(.text)
    .text                                    0x0800385e   Section        0  h1_init.o(.text)
    .text                                    0x0800386c   Section        8  libspace.o(.text)
    .text                                    0x08003874   Section        0  h1_extend.o(.text)
    .text                                    0x080038a8   Section        0  defsig_rtmem_outer.o(.text)
    .text                                    0x080038b6   Section        2  use_no_semi.o(.text)
    .text                                    0x080038b8   Section        0  indicate_semi.o(.text)
    .text                                    0x080038b8   Section       74  sys_stackheap_outer.o(.text)
    .text                                    0x08003902   Section        0  exit.o(.text)
    .text                                    0x08003914   Section        0  defsig_exit.o(.text)
    .text                                    0x08003920   Section        0  defsig_rtmem_inner.o(.text)
    .text                                    0x08003970   Section        0  sys_exit.o(.text)
    .text                                    0x0800397c   Section        0  defsig_general.o(.text)
    .text                                    0x080039ae   Section        0  sys_wrch.o(.text)
    x$fpl$fdiv                               0x080039bc   Section      388  fdiv.o(x$fpl$fdiv)
    _fdiv1                                   0x080039bd   Thumb Code     0  fdiv.o(x$fpl$fdiv)
    x$fpl$ffixu                              0x08003b40   Section       62  ffixu.o(x$fpl$ffixu)
    x$fpl$fmul                               0x08003b80   Section      258  fmul.o(x$fpl$fmul)
    x$fpl$fnaninf                            0x08003c82   Section      140  fnaninf.o(x$fpl$fnaninf)
    x$fpl$fretinf                            0x08003d0e   Section       10  fretinf.o(x$fpl$fretinf)
    .constdata                               0x08003d18   Section        4  stm32f10x_externlib.o(.constdata)
    x$fpl$usenofp                            0x08003d18   Section        0  usenofp.o(x$fpl$usenofp)
    .data                                    0x20000000   Section       20  system_stm32f10x.o(.data)
    .data                                    0x20000014   Section       20  stm32f10x_rcc.o(.data)
    APBAHBPrescTable                         0x20000014   Data          16  stm32f10x_rcc.o(.data)
    ADCPrescTable                            0x20000024   Data           4  stm32f10x_rcc.o(.data)
    .data                                    0x20000028   Section        8  main.o(.data)
    .data                                    0x20000030   Section       68  stm32f10x_externlib_timer.o(.data)
    TIM1Periph                               0x20000030   Data           4  stm32f10x_externlib_timer.o(.data)
    TIM2Periph                               0x20000034   Data           4  stm32f10x_externlib_timer.o(.data)
    TIM3Periph                               0x20000038   Data           4  stm32f10x_externlib_timer.o(.data)
    TIM4Periph                               0x2000003c   Data           4  stm32f10x_externlib_timer.o(.data)
    TIM5Periph                               0x20000040   Data           4  stm32f10x_externlib_timer.o(.data)
    TIM6Periph                               0x20000044   Data           4  stm32f10x_externlib_timer.o(.data)
    TIM7Periph                               0x20000048   Data           4  stm32f10x_externlib_timer.o(.data)
    TIM8Periph                               0x2000004c   Data           4  stm32f10x_externlib_timer.o(.data)
    TIM9Periph                               0x20000050   Data           4  stm32f10x_externlib_timer.o(.data)
    TIM10Periph                              0x20000054   Data           4  stm32f10x_externlib_timer.o(.data)
    TIM11Periph                              0x20000058   Data           4  stm32f10x_externlib_timer.o(.data)
    TIM12Periph                              0x2000005c   Data           4  stm32f10x_externlib_timer.o(.data)
    TIM13Periph                              0x20000060   Data           4  stm32f10x_externlib_timer.o(.data)
    TIM14Periph                              0x20000064   Data           4  stm32f10x_externlib_timer.o(.data)
    TIM15Periph                              0x20000068   Data           4  stm32f10x_externlib_timer.o(.data)
    TIM16Periph                              0x2000006c   Data           4  stm32f10x_externlib_timer.o(.data)
    TIM17Periph                              0x20000070   Data           4  stm32f10x_externlib_timer.o(.data)
    .data                                    0x20000074   Section       12  stm32f10x_externlib_usart.o(.data)
    USART1_Periph                            0x20000074   Data           4  stm32f10x_externlib_usart.o(.data)
    USART2_Periph                            0x20000078   Data           4  stm32f10x_externlib_usart.o(.data)
    USART3_Periph                            0x2000007c   Data           4  stm32f10x_externlib_usart.o(.data)
    .bss                                     0x20000080   Section     8192  memorymanage.o(.bss)
    MeM_MemoryPool                           0x20000080   Data        8192  memorymanage.o(.bss)
    .bss                                     0x20002080   Section       96  libspace.o(.bss)
    HEAP                                     0x200020e0   Section      512  startup_stm32f10x_hd.o(HEAP)
    Heap_Mem                                 0x200020e0   Data         512  startup_stm32f10x_hd.o(HEAP)
    STACK                                    0x200022e0   Section     1024  startup_stm32f10x_hd.o(STACK)
    Stack_Mem                                0x200022e0   Data        1024  startup_stm32f10x_hd.o(STACK)
    __initial_sp                             0x200026e0   Data           0  startup_stm32f10x_hd.o(STACK)

    Global Symbols

    Symbol Name                              Value     Ov Type        Size  Object(Section)

    BuildAttributes$$THM_ISAv4$P$D$K$B$S$PE$A:L22UL41UL21$X:L11$S22US41US21$IEEE1$IW$USESV6$~STKCKD$USESV7$~SHL$OTIME$ROPI$EBA8$UX$STANDARDLIB$REQ8$PRES8$EABIv2 0x00000000   Number         0  anon$$obj.o ABSOLUTE
    __ARM_use_no_argv                        0x00000000   Number         0  main.o ABSOLUTE
    __ARM_exceptions_init                     - Undefined Weak Reference
    __alloca_initialize                       - Undefined Weak Reference
    __arm_fini_                               - Undefined Weak Reference
    __arm_preinit_                            - Undefined Weak Reference
    __cpp_initialize__aeabi_                  - Undefined Weak Reference
    __cxa_finalize                            - Undefined Weak Reference
    __rt_locale                               - Undefined Weak Reference
    __sigvec_lookup                           - Undefined Weak Reference
    __user_heap_extent                        - Undefined Weak Reference
    _atexit_init                              - Undefined Weak Reference
    _call_atexit_fns                          - Undefined Weak Reference
    _clock_init                               - Undefined Weak Reference
    _fp_trap_init                             - Undefined Weak Reference
    _fp_trap_shutdown                         - Undefined Weak Reference
    _get_lc_collate                           - Undefined Weak Reference
    _get_lc_ctype                             - Undefined Weak Reference
    _get_lc_monetary                          - Undefined Weak Reference
    _get_lc_numeric                           - Undefined Weak Reference
    _get_lc_time                              - Undefined Weak Reference
    _getenv_init                              - Undefined Weak Reference
    _handle_redirection                       - Undefined Weak Reference
    _initio                                   - Undefined Weak Reference
    _mutex_acquire                            - Undefined Weak Reference
    _mutex_free                               - Undefined Weak Reference
    _mutex_release                            - Undefined Weak Reference
    _rand_init                                - Undefined Weak Reference
    _signal_finish                            - Undefined Weak Reference
    _signal_init                              - Undefined Weak Reference
    _terminateio                              - Undefined Weak Reference
    __Vectors_Size                           0x00000130   Number         0  startup_stm32f10x_hd.o ABSOLUTE
    __Vectors                                0x08000000   Data           4  startup_stm32f10x_hd.o(RESET)
    __Vectors_End                            0x08000130   Data           0  startup_stm32f10x_hd.o(RESET)
    __main                                   0x08000131   Thumb Code     8  __main.o(!!!main)
    __scatterload                            0x08000139   Thumb Code     0  __scatter.o(!!!scatter)
    __scatterload_rt2                        0x08000139   Thumb Code    44  __scatter.o(!!!scatter)
    __scatterload_rt2_thumb_only             0x08000139   Thumb Code     0  __scatter.o(!!!scatter)
    __scatterload_null                       0x08000147   Thumb Code     0  __scatter.o(!!!scatter)
    __scatterload_copy                       0x0800016d   Thumb Code    26  __scatter_copy.o(!!handler_copy)
    __scatterload_zeroinit                   0x08000189   Thumb Code    28  __scatter_zi.o(!!handler_zi)
    __rt_lib_init                            0x080001a5   Thumb Code     0  libinit.o(.ARM.Collect$$libinit$$00000000)
    __rt_lib_init_fp_1                       0x080001a7   Thumb Code     0  libinit2.o(.ARM.Collect$$libinit$$00000002)
    __rt_lib_init_heap_2                     0x080001a7   Thumb Code     0  libinit2.o(.ARM.Collect$$libinit$$00000005)
    __rt_lib_init_preinit_1                  0x080001a7   Thumb Code     0  libinit2.o(.ARM.Collect$$libinit$$00000004)
    __rt_lib_init_alloca_1                   0x080001af   Thumb Code     0  libinit2.o(.ARM.Collect$$libinit$$0000002E)
    __rt_lib_init_argv_1                     0x080001af   Thumb Code     0  libinit2.o(.ARM.Collect$$libinit$$0000002C)
    __rt_lib_init_atexit_1                   0x080001af   Thumb Code     0  libinit2.o(.ARM.Collect$$libinit$$0000001B)
    __rt_lib_init_clock_1                    0x080001af   Thumb Code     0  libinit2.o(.ARM.Collect$$libinit$$00000021)
    __rt_lib_init_cpp_1                      0x080001af   Thumb Code     0  libinit2.o(.ARM.Collect$$libinit$$00000032)
    __rt_lib_init_exceptions_1               0x080001af   Thumb Code     0  libinit2.o(.ARM.Collect$$libinit$$00000030)
    __rt_lib_init_fp_trap_1                  0x080001af   Thumb Code     0  libinit2.o(.ARM.Collect$$libinit$$0000001F)
    __rt_lib_init_getenv_1                   0x080001af   Thumb Code     0  libinit2.o(.ARM.Collect$$libinit$$00000023)
    __rt_lib_init_heap_1                     0x080001af   Thumb Code     0  libinit2.o(.ARM.Collect$$libinit$$0000000A)
    __rt_lib_init_lc_collate_1               0x080001af   Thumb Code     0  libinit2.o(.ARM.Collect$$libinit$$00000011)
    __rt_lib_init_lc_ctype_1                 0x080001af   Thumb Code     0  libinit2.o(.ARM.Collect$$libinit$$00000013)
    __rt_lib_init_lc_monetary_1              0x080001af   Thumb Code     0  libinit2.o(.ARM.Collect$$libinit$$00000015)
    __rt_lib_init_lc_numeric_1               0x080001af   Thumb Code     0  libinit2.o(.ARM.Collect$$libinit$$00000017)
    __rt_lib_init_lc_time_1                  0x080001af   Thumb Code     0  libinit2.o(.ARM.Collect$$libinit$$00000019)
    __rt_lib_init_rand_1                     0x080001af   Thumb Code     0  libinit2.o(.ARM.Collect$$libinit$$0000000E)
    __rt_lib_init_return                     0x080001af   Thumb Code     0  libinit2.o(.ARM.Collect$$libinit$$00000033)
    __rt_lib_init_signal_1                   0x080001af   Thumb Code     0  libinit2.o(.ARM.Collect$$libinit$$0000001D)
    __rt_lib_init_stdio_1                    0x080001af   Thumb Code     0  libinit2.o(.ARM.Collect$$libinit$$00000025)
    __rt_lib_init_user_alloc_1               0x080001af   Thumb Code     0  libinit2.o(.ARM.Collect$$libinit$$0000000C)
    __rt_lib_shutdown                        0x080001b1   Thumb Code     0  libshutdown.o(.ARM.Collect$$libshutdown$$00000000)
    __rt_lib_shutdown_cpp_1                  0x080001b3   Thumb Code     0  libshutdown2.o(.ARM.Collect$$libshutdown$$00000004)
    __rt_lib_shutdown_fini_1                 0x080001b3   Thumb Code     0  libshutdown2.o(.ARM.Collect$$libshutdown$$00000002)
    __rt_lib_shutdown_fp_trap_1              0x080001b3   Thumb Code     0  libshutdown2.o(.ARM.Collect$$libshutdown$$00000009)
    __rt_lib_shutdown_heap_1                 0x080001b3   Thumb Code     0  libshutdown2.o(.ARM.Collect$$libshutdown$$00000011)
    __rt_lib_shutdown_return                 0x080001b3   Thumb Code     0  libshutdown2.o(.ARM.Collect$$libshutdown$$00000012)
    __rt_lib_shutdown_signal_1               0x080001b3   Thumb Code     0  libshutdown2.o(.ARM.Collect$$libshutdown$$0000000C)
    __rt_lib_shutdown_stdio_1                0x080001b3   Thumb Code     0  libshutdown2.o(.ARM.Collect$$libshutdown$$00000006)
    __rt_lib_shutdown_user_alloc_1           0x080001b3   Thumb Code     0  libshutdown2.o(.ARM.Collect$$libshutdown$$0000000E)
    __rt_entry                               0x080001b5   Thumb Code     0  __rtentry.o(.ARM.Collect$$rtentry$$00000000)
    __rt_entry_presh_1                       0x080001b5   Thumb Code     0  __rtentry2.o(.ARM.Collect$$rtentry$$00000002)
    __rt_entry_sh                            0x080001b5   Thumb Code     0  __rtentry4.o(.ARM.Collect$$rtentry$$00000004)
    __rt_entry_li                            0x080001bb   Thumb Code     0  __rtentry2.o(.ARM.Collect$$rtentry$$0000000A)
    __rt_entry_postsh_1                      0x080001bb   Thumb Code     0  __rtentry2.o(.ARM.Collect$$rtentry$$00000009)
    __rt_entry_main                          0x080001bf   Thumb Code     0  __rtentry2.o(.ARM.Collect$$rtentry$$0000000D)
    __rt_entry_postli_1                      0x080001bf   Thumb Code     0  __rtentry2.o(.ARM.Collect$$rtentry$$0000000C)
    __rt_exit                                0x080001c7   Thumb Code     0  rtexit.o(.ARM.Collect$$rtexit$$00000000)
    __rt_exit_ls                             0x080001c9   Thumb Code     0  rtexit2.o(.ARM.Collect$$rtexit$$00000003)
    __rt_exit_prels_1                        0x080001c9   Thumb Code     0  rtexit2.o(.ARM.Collect$$rtexit$$00000002)
    __rt_exit_exit                           0x080001cd   Thumb Code     0  rtexit2.o(.ARM.Collect$$rtexit$$00000004)
    _maybe_terminate_alloc                   0x080001d5   Thumb Code     0  maybetermalloc1.o(.emb_text)
    SystemInit                               0x080002b3   Thumb Code    78  system_stm32f10x.o(.text)
    SystemCoreClockUpdate                    0x08000301   Thumb Code   142  system_stm32f10x.o(.text)
    NVIC_PriorityGroupConfig                 0x080003b5   Thumb Code    10  misc.o(.text)
    NVIC_Init                                0x080003bf   Thumb Code   100  misc.o(.text)
    NVIC_SetVectorTable                      0x08000423   Thumb Code    14  misc.o(.text)
    NVIC_SystemLPConfig                      0x08000431   Thumb Code    34  misc.o(.text)
    SysTick_CLKSourceConfig                  0x08000453   Thumb Code    40  misc.o(.text)
    GPIO_DeInit                              0x08000491   Thumb Code   172  stm32f10x_gpio.o(.text)
    GPIO_AFIODeInit                          0x0800053d   Thumb Code    20  stm32f10x_gpio.o(.text)
    GPIO_Init                                0x08000551   Thumb Code   278  stm32f10x_gpio.o(.text)
    GPIO_StructInit                          0x08000667   Thumb Code    16  stm32f10x_gpio.o(.text)
    GPIO_ReadInputDataBit                    0x08000677   Thumb Code    18  stm32f10x_gpio.o(.text)
    GPIO_ReadInputData                       0x08000689   Thumb Code     8  stm32f10x_gpio.o(.text)
    GPIO_ReadOutputDataBit                   0x08000691   Thumb Code    18  stm32f10x_gpio.o(.text)
    GPIO_ReadOutputData                      0x080006a3   Thumb Code     8  stm32f10x_gpio.o(.text)
    GPIO_SetBits                             0x080006ab   Thumb Code     4  stm32f10x_gpio.o(.text)
    GPIO_ResetBits                           0x080006af   Thumb Code     4  stm32f10x_gpio.o(.text)
    GPIO_WriteBit                            0x080006b3   Thumb Code    10  stm32f10x_gpio.o(.text)
    GPIO_Write                               0x080006bd   Thumb Code     4  stm32f10x_gpio.o(.text)
    GPIO_PinLockConfig                       0x080006c1   Thumb Code    18  stm32f10x_gpio.o(.text)
    GPIO_EventOutputConfig                   0x080006d3   Thumb Code    26  stm32f10x_gpio.o(.text)
    GPIO_EventOutputCmd                      0x080006ed   Thumb Code     6  stm32f10x_gpio.o(.text)
    GPIO_PinRemapConfig                      0x080006f3   Thumb Code   138  stm32f10x_gpio.o(.text)
    GPIO_EXTILineConfig                      0x0800077d   Thumb Code    66  stm32f10x_gpio.o(.text)
    GPIO_ETH_MediaInterfaceConfig            0x080007bf   Thumb Code     8  stm32f10x_gpio.o(.text)
    RCC_DeInit                               0x080007ed   Thumb Code    64  stm32f10x_rcc.o(.text)
    RCC_HSEConfig                            0x0800082d   Thumb Code    70  stm32f10x_rcc.o(.text)
    RCC_GetFlagStatus                        0x08000873   Thumb Code    56  stm32f10x_rcc.o(.text)
    RCC_WaitForHSEStartUp                    0x080008ab   Thumb Code    56  stm32f10x_rcc.o(.text)
    RCC_AdjustHSICalibrationValue            0x080008e3   Thumb Code    20  stm32f10x_rcc.o(.text)
    RCC_HSICmd                               0x080008f7   Thumb Code     6  stm32f10x_rcc.o(.text)
    RCC_PLLConfig                            0x080008fd   Thumb Code    24  stm32f10x_rcc.o(.text)
    RCC_PLLCmd                               0x08000915   Thumb Code     6  stm32f10x_rcc.o(.text)
    RCC_SYSCLKConfig                         0x0800091b   Thumb Code    18  stm32f10x_rcc.o(.text)
    RCC_GetSYSCLKSource                      0x0800092d   Thumb Code    10  stm32f10x_rcc.o(.text)
    RCC_HCLKConfig                           0x08000937   Thumb Code    18  stm32f10x_rcc.o(.text)
    RCC_PCLK1Config                          0x08000949   Thumb Code    18  stm32f10x_rcc.o(.text)
    RCC_PCLK2Config                          0x0800095b   Thumb Code    20  stm32f10x_rcc.o(.text)
    RCC_ITConfig                             0x0800096f   Thumb Code    26  stm32f10x_rcc.o(.text)
    RCC_USBCLKConfig                         0x08000989   Thumb Code     8  stm32f10x_rcc.o(.text)
    RCC_ADCCLKConfig                         0x08000991   Thumb Code    18  stm32f10x_rcc.o(.text)
    RCC_LSEConfig                            0x080009a3   Thumb Code    50  stm32f10x_rcc.o(.text)
    RCC_LSICmd                               0x080009d5   Thumb Code     6  stm32f10x_rcc.o(.text)
    RCC_RTCCLKConfig                         0x080009db   Thumb Code    12  stm32f10x_rcc.o(.text)
    RCC_RTCCLKCmd                            0x080009e7   Thumb Code     8  stm32f10x_rcc.o(.text)
    RCC_GetClocksFreq                        0x080009ef   Thumb Code   192  stm32f10x_rcc.o(.text)
    RCC_AHBPeriphClockCmd                    0x08000aaf   Thumb Code    26  stm32f10x_rcc.o(.text)
    RCC_APB2PeriphClockCmd                   0x08000ac9   Thumb Code    26  stm32f10x_rcc.o(.text)
    RCC_APB1PeriphClockCmd                   0x08000ae3   Thumb Code    26  stm32f10x_rcc.o(.text)
    RCC_APB2PeriphResetCmd                   0x08000afd   Thumb Code    26  stm32f10x_rcc.o(.text)
    RCC_APB1PeriphResetCmd                   0x08000b17   Thumb Code    26  stm32f10x_rcc.o(.text)
    RCC_BackupResetCmd                       0x08000b31   Thumb Code     8  stm32f10x_rcc.o(.text)
    RCC_ClockSecuritySystemCmd               0x08000b39   Thumb Code     6  stm32f10x_rcc.o(.text)
    RCC_MCOConfig                            0x08000b3f   Thumb Code     6  stm32f10x_rcc.o(.text)
    RCC_ClearFlag                            0x08000b45   Thumb Code    14  stm32f10x_rcc.o(.text)
    RCC_GetITStatus                          0x08000b53   Thumb Code    20  stm32f10x_rcc.o(.text)
    RCC_ClearITPendingBit                    0x08000b67   Thumb Code     6  stm32f10x_rcc.o(.text)
    TIM_DeInit                               0x08000b91   Thumb Code   424  stm32f10x_tim.o(.text)
    TIM_TimeBaseInit                         0x08000d39   Thumb Code   122  stm32f10x_tim.o(.text)
    TIM_OC1Init                              0x08000db3   Thumb Code   132  stm32f10x_tim.o(.text)
    TIM_OC2Init                              0x08000e37   Thumb Code   154  stm32f10x_tim.o(.text)
    TIM_OC3Init                              0x08000ed1   Thumb Code   150  stm32f10x_tim.o(.text)
    TIM_OC4Init                              0x08000f67   Thumb Code   182  stm32f10x_tim.o(.text)
    TIM_SetIC4Prescaler                      0x0800101d   Thumb Code    26  stm32f10x_tim.o(.text)
    TIM_SetIC3Prescaler                      0x080010b9   Thumb Code    18  stm32f10x_tim.o(.text)
    TIM_SetIC2Prescaler                      0x08001145   Thumb Code    26  stm32f10x_tim.o(.text)
    TIM_SetIC1Prescaler                      0x080011e1   Thumb Code    18  stm32f10x_tim.o(.text)
    TIM_ICInit                               0x0800125f   Thumb Code   150  stm32f10x_tim.o(.text)
    TIM_PWMIConfig                           0x080012f5   Thumb Code   124  stm32f10x_tim.o(.text)
    TIM_BDTRConfig                           0x08001371   Thumb Code    32  stm32f10x_tim.o(.text)
    TIM_TimeBaseStructInit                   0x08001391   Thumb Code    18  stm32f10x_tim.o(.text)
    TIM_OCStructInit                         0x080013a3   Thumb Code    20  stm32f10x_tim.o(.text)
    TIM_ICStructInit                         0x080013b7   Thumb Code    18  stm32f10x_tim.o(.text)
    TIM_BDTRStructInit                       0x080013c9   Thumb Code    40  stm32f10x_tim.o(.text)
    TIM_Cmd                                  0x080013f1   Thumb Code    24  stm32f10x_tim.o(.text)
    TIM_CtrlPWMOutputs                       0x08001409   Thumb Code    30  stm32f10x_tim.o(.text)
    TIM_ITConfig                             0x08001427   Thumb Code    18  stm32f10x_tim.o(.text)
    TIM_GenerateEvent                        0x08001439   Thumb Code     4  stm32f10x_tim.o(.text)
    TIM_DMAConfig                            0x0800143d   Thumb Code    10  stm32f10x_tim.o(.text)
    TIM_DMACmd                               0x08001447   Thumb Code    18  stm32f10x_tim.o(.text)
    TIM_InternalClockConfig                  0x08001459   Thumb Code    12  stm32f10x_tim.o(.text)
    TIM_SelectInputTrigger                   0x08001465   Thumb Code    18  stm32f10x_tim.o(.text)
    TIM_ITRxExternalClockConfig              0x08001477   Thumb Code    24  stm32f10x_tim.o(.text)
    TIM_TIxExternalClockConfig               0x0800148f   Thumb Code    62  stm32f10x_tim.o(.text)
    TIM_ETRConfig                            0x080014cd   Thumb Code    28  stm32f10x_tim.o(.text)
    TIM_ETRClockMode1Config                  0x080014e9   Thumb Code    54  stm32f10x_tim.o(.text)
    TIM_ETRClockMode2Config                  0x0800151f   Thumb Code    32  stm32f10x_tim.o(.text)
    TIM_PrescalerConfig                      0x0800153f   Thumb Code     6  stm32f10x_tim.o(.text)
    TIM_CounterModeConfig                    0x08001545   Thumb Code    18  stm32f10x_tim.o(.text)
    TIM_EncoderInterfaceConfig               0x08001557   Thumb Code    66  stm32f10x_tim.o(.text)
    TIM_ForcedOC1Config                      0x08001599   Thumb Code    18  stm32f10x_tim.o(.text)
    TIM_ForcedOC2Config                      0x080015ab   Thumb Code    26  stm32f10x_tim.o(.text)
    TIM_ForcedOC3Config                      0x080015c5   Thumb Code    18  stm32f10x_tim.o(.text)
    TIM_ForcedOC4Config                      0x080015d7   Thumb Code    26  stm32f10x_tim.o(.text)
    TIM_ARRPreloadConfig                     0x080015f1   Thumb Code    24  stm32f10x_tim.o(.text)
    TIM_SelectCOM                            0x08001609   Thumb Code    24  stm32f10x_tim.o(.text)
    TIM_SelectCCDMA                          0x08001621   Thumb Code    24  stm32f10x_tim.o(.text)
    TIM_CCPreloadControl                     0x08001639   Thumb Code    24  stm32f10x_tim.o(.text)
    TIM_OC1PreloadConfig                     0x08001651   Thumb Code    18  stm32f10x_tim.o(.text)
    TIM_OC2PreloadConfig                     0x08001663   Thumb Code    26  stm32f10x_tim.o(.text)
    TIM_OC3PreloadConfig                     0x0800167d   Thumb Code    18  stm32f10x_tim.o(.text)
    TIM_OC4PreloadConfig                     0x0800168f   Thumb Code    26  stm32f10x_tim.o(.text)
    TIM_OC1FastConfig                        0x080016a9   Thumb Code    18  stm32f10x_tim.o(.text)
    TIM_OC2FastConfig                        0x080016bb   Thumb Code    26  stm32f10x_tim.o(.text)
    TIM_OC3FastConfig                        0x080016d5   Thumb Code    18  stm32f10x_tim.o(.text)
    TIM_OC4FastConfig                        0x080016e7   Thumb Code    26  stm32f10x_tim.o(.text)
    TIM_ClearOC1Ref                          0x08001701   Thumb Code    18  stm32f10x_tim.o(.text)
    TIM_ClearOC2Ref                          0x08001713   Thumb Code    24  stm32f10x_tim.o(.text)
    TIM_ClearOC3Ref                          0x0800172b   Thumb Code    18  stm32f10x_tim.o(.text)
    TIM_ClearOC4Ref                          0x0800173d   Thumb Code    24  stm32f10x_tim.o(.text)
    TIM_OC1PolarityConfig                    0x08001755   Thumb Code    18  stm32f10x_tim.o(.text)
    TIM_OC1NPolarityConfig                   0x08001767   Thumb Code    18  stm32f10x_tim.o(.text)
    TIM_OC2PolarityConfig                    0x08001779   Thumb Code    26  stm32f10x_tim.o(.text)
    TIM_OC2NPolarityConfig                   0x08001793   Thumb Code    26  stm32f10x_tim.o(.text)
    TIM_OC3PolarityConfig                    0x080017ad   Thumb Code    26  stm32f10x_tim.o(.text)
    TIM_OC3NPolarityConfig                   0x080017c7   Thumb Code    26  stm32f10x_tim.o(.text)
    TIM_OC4PolarityConfig                    0x080017e1   Thumb Code    26  stm32f10x_tim.o(.text)
    TIM_CCxCmd                               0x080017fb   Thumb Code    30  stm32f10x_tim.o(.text)
    TIM_CCxNCmd                              0x08001819   Thumb Code    30  stm32f10x_tim.o(.text)
    TIM_SelectOCxM                           0x08001837   Thumb Code    82  stm32f10x_tim.o(.text)
    TIM_UpdateDisableConfig                  0x08001889   Thumb Code    24  stm32f10x_tim.o(.text)
    TIM_UpdateRequestConfig                  0x080018a1   Thumb Code    24  stm32f10x_tim.o(.text)
    TIM_SelectHallSensor                     0x080018b9   Thumb Code    24  stm32f10x_tim.o(.text)
    TIM_SelectOnePulseMode                   0x080018d1   Thumb Code    18  stm32f10x_tim.o(.text)
    TIM_SelectOutputTrigger                  0x080018e3   Thumb Code    18  stm32f10x_tim.o(.text)
    TIM_SelectSlaveMode                      0x080018f5   Thumb Code    18  stm32f10x_tim.o(.text)
    TIM_SelectMasterSlaveMode                0x08001907   Thumb Code    18  stm32f10x_tim.o(.text)
    TIM_SetCounter                           0x08001919   Thumb Code     4  stm32f10x_tim.o(.text)
    TIM_SetAutoreload                        0x0800191d   Thumb Code     4  stm32f10x_tim.o(.text)
    TIM_SetCompare1                          0x08001921   Thumb Code     4  stm32f10x_tim.o(.text)
    TIM_SetCompare2                          0x08001925   Thumb Code     4  stm32f10x_tim.o(.text)
    TIM_SetCompare3                          0x08001929   Thumb Code     4  stm32f10x_tim.o(.text)
    TIM_SetCompare4                          0x0800192d   Thumb Code     6  stm32f10x_tim.o(.text)
    TIM_SetClockDivision                     0x08001933   Thumb Code    18  stm32f10x_tim.o(.text)
    TIM_GetCapture1                          0x08001945   Thumb Code     6  stm32f10x_tim.o(.text)
    TIM_GetCapture2                          0x0800194b   Thumb Code     6  stm32f10x_tim.o(.text)
    TIM_GetCapture3                          0x08001951   Thumb Code     6  stm32f10x_tim.o(.text)
    TIM_GetCapture4                          0x08001957   Thumb Code     8  stm32f10x_tim.o(.text)
    TIM_GetCounter                           0x0800195f   Thumb Code     6  stm32f10x_tim.o(.text)
    TIM_GetPrescaler                         0x08001965   Thumb Code     6  stm32f10x_tim.o(.text)
    TIM_GetFlagStatus                        0x0800196b   Thumb Code    18  stm32f10x_tim.o(.text)
    TIM_ClearFlag                            0x0800197d   Thumb Code     6  stm32f10x_tim.o(.text)
    TIM_GetITStatus                          0x08001983   Thumb Code    34  stm32f10x_tim.o(.text)
    TIM_ClearITPendingBit                    0x080019a5   Thumb Code     6  stm32f10x_tim.o(.text)
    USART_DeInit                             0x080019ad   Thumb Code   134  stm32f10x_usart.o(.text)
    USART_Init                               0x08001a33   Thumb Code   210  stm32f10x_usart.o(.text)
    USART_StructInit                         0x08001b05   Thumb Code    24  stm32f10x_usart.o(.text)
    USART_ClockInit                          0x08001b1d   Thumb Code    34  stm32f10x_usart.o(.text)
    USART_ClockStructInit                    0x08001b3f   Thumb Code    12  stm32f10x_usart.o(.text)
    USART_Cmd                                0x08001b4b   Thumb Code    24  stm32f10x_usart.o(.text)
    USART_ITConfig                           0x08001b63   Thumb Code    74  stm32f10x_usart.o(.text)
    USART_DMACmd                             0x08001bad   Thumb Code    18  stm32f10x_usart.o(.text)
    USART_SetAddress                         0x08001bbf   Thumb Code    18  stm32f10x_usart.o(.text)
    USART_WakeUpConfig                       0x08001bd1   Thumb Code    18  stm32f10x_usart.o(.text)
    USART_ReceiverWakeUpCmd                  0x08001be3   Thumb Code    24  stm32f10x_usart.o(.text)
    USART_LINBreakDetectLengthConfig         0x08001bfb   Thumb Code    18  stm32f10x_usart.o(.text)
    USART_LINCmd                             0x08001c0d   Thumb Code    24  stm32f10x_usart.o(.text)
    USART_SendData                           0x08001c25   Thumb Code     8  stm32f10x_usart.o(.text)
    USART_ReceiveData                        0x08001c2d   Thumb Code    10  stm32f10x_usart.o(.text)
    USART_SendBreak                          0x08001c37   Thumb Code    10  stm32f10x_usart.o(.text)
    USART_SetGuardTime                       0x08001c41   Thumb Code    16  stm32f10x_usart.o(.text)
    USART_SetPrescaler                       0x08001c51   Thumb Code    16  stm32f10x_usart.o(.text)
    USART_SmartCardCmd                       0x08001c61   Thumb Code    24  stm32f10x_usart.o(.text)
    USART_SmartCardNACKCmd                   0x08001c79   Thumb Code    24  stm32f10x_usart.o(.text)
    USART_HalfDuplexCmd                      0x08001c91   Thumb Code    24  stm32f10x_usart.o(.text)
    USART_OverSampling8Cmd                   0x08001ca9   Thumb Code    22  stm32f10x_usart.o(.text)
    USART_OneBitMethodCmd                    0x08001cbf   Thumb Code    24  stm32f10x_usart.o(.text)
    USART_IrDAConfig                         0x08001cd7   Thumb Code    18  stm32f10x_usart.o(.text)
    USART_IrDACmd                            0x08001ce9   Thumb Code    24  stm32f10x_usart.o(.text)
    USART_GetFlagStatus                      0x08001d01   Thumb Code    26  stm32f10x_usart.o(.text)
    USART_ClearFlag                          0x08001d1b   Thumb Code    18  stm32f10x_usart.o(.text)
    USART_GetITStatus                        0x08001d2d   Thumb Code    84  stm32f10x_usart.o(.text)
    USART_ClearITPendingBit                  0x08001d81   Thumb Code    52  stm32f10x_usart.o(.text)
    Reset_Handler                            0x08001db5   Thumb Code     8  startup_stm32f10x_hd.o(.text)
    ADC1_2_IRQHandler                        0x08001dcf   Thumb Code     0  startup_stm32f10x_hd.o(.text)
    ADC3_IRQHandler                          0x08001dcf   Thumb Code     0  startup_stm32f10x_hd.o(.text)
    CAN1_RX1_IRQHandler                      0x08001dcf   Thumb Code     0  startup_stm32f10x_hd.o(.text)
    CAN1_SCE_IRQHandler                      0x08001dcf   Thumb Code     0  startup_stm32f10x_hd.o(.text)
    DMA1_Channel1_IRQHandler                 0x08001dcf   Thumb Code     0  startup_stm32f10x_hd.o(.text)
    DMA1_Channel2_IRQHandler                 0x08001dcf   Thumb Code     0  startup_stm32f10x_hd.o(.text)
    DMA1_Channel3_IRQHandler                 0x08001dcf   Thumb Code     0  startup_stm32f10x_hd.o(.text)
    DMA1_Channel4_IRQHandler                 0x08001dcf   Thumb Code     0  startup_stm32f10x_hd.o(.text)
    DMA1_Channel5_IRQHandler                 0x08001dcf   Thumb Code     0  startup_stm32f10x_hd.o(.text)
    DMA1_Channel6_IRQHandler                 0x08001dcf   Thumb Code     0  startup_stm32f10x_hd.o(.text)
    DMA1_Channel7_IRQHandler                 0x08001dcf   Thumb Code     0  startup_stm32f10x_hd.o(.text)
    DMA2_Channel1_IRQHandler                 0x08001dcf   Thumb Code     0  startup_stm32f10x_hd.o(.text)
    DMA2_Channel2_IRQHandler                 0x08001dcf   Thumb Code     0  startup_stm32f10x_hd.o(.text)
    DMA2_Channel3_IRQHandler                 0x08001dcf   Thumb Code     0  startup_stm32f10x_hd.o(.text)
    DMA2_Channel4_5_IRQHandler               0x08001dcf   Thumb Code     0  startup_stm32f10x_hd.o(.text)
    EXTI0_IRQHandler                         0x08001dcf   Thumb Code     0  startup_stm32f10x_hd.o(.text)
    EXTI15_10_IRQHandler                     0x08001dcf   Thumb Code     0  startup_stm32f10x_hd.o(.text)
    EXTI1_IRQHandler                         0x08001dcf   Thumb Code     0  startup_stm32f10x_hd.o(.text)
    EXTI2_IRQHandler                         0x08001dcf   Thumb Code     0  startup_stm32f10x_hd.o(.text)
    EXTI3_IRQHandler                         0x08001dcf   Thumb Code     0  startup_stm32f10x_hd.o(.text)
    EXTI4_IRQHandler                         0x08001dcf   Thumb Code     0  startup_stm32f10x_hd.o(.text)
    EXTI9_5_IRQHandler                       0x08001dcf   Thumb Code     0  startup_stm32f10x_hd.o(.text)
    FLASH_IRQHandler                         0x08001dcf   Thumb Code     0  startup_stm32f10x_hd.o(.text)
    FSMC_IRQHandler                          0x08001dcf   Thumb Code     0  startup_stm32f10x_hd.o(.text)
    I2C1_ER_IRQHandler                       0x08001dcf   Thumb Code     0  startup_stm32f10x_hd.o(.text)
    I2C1_EV_IRQHandler                       0x08001dcf   Thumb Code     0  startup_stm32f10x_hd.o(.text)
    I2C2_ER_IRQHandler                       0x08001dcf   Thumb Code     0  startup_stm32f10x_hd.o(.text)
    I2C2_EV_IRQHandler                       0x08001dcf   Thumb Code     0  startup_stm32f10x_hd.o(.text)
    PVD_IRQHandler                           0x08001dcf   Thumb Code     0  startup_stm32f10x_hd.o(.text)
    RCC_IRQHandler                           0x08001dcf   Thumb Code     0  startup_stm32f10x_hd.o(.text)
    RTCAlarm_IRQHandler                      0x08001dcf   Thumb Code     0  startup_stm32f10x_hd.o(.text)
    RTC_IRQHandler                           0x08001dcf   Thumb Code     0  startup_stm32f10x_hd.o(.text)
    SDIO_IRQHandler                          0x08001dcf   Thumb Code     0  startup_stm32f10x_hd.o(.text)
    SPI1_IRQHandler                          0x08001dcf   Thumb Code     0  startup_stm32f10x_hd.o(.text)
    SPI2_IRQHandler                          0x08001dcf   Thumb Code     0  startup_stm32f10x_hd.o(.text)
    SPI3_IRQHandler                          0x08001dcf   Thumb Code     0  startup_stm32f10x_hd.o(.text)
    TAMPER_IRQHandler                        0x08001dcf   Thumb Code     0  startup_stm32f10x_hd.o(.text)
    TIM1_BRK_IRQHandler                      0x08001dcf   Thumb Code     0  startup_stm32f10x_hd.o(.text)
    TIM1_CC_IRQHandler                       0x08001dcf   Thumb Code     0  startup_stm32f10x_hd.o(.text)
    TIM1_TRG_COM_IRQHandler                  0x08001dcf   Thumb Code     0  startup_stm32f10x_hd.o(.text)
    TIM8_BRK_IRQHandler                      0x08001dcf   Thumb Code     0  startup_stm32f10x_hd.o(.text)
    TIM8_CC_IRQHandler                       0x08001dcf   Thumb Code     0  startup_stm32f10x_hd.o(.text)
    TIM8_TRG_COM_IRQHandler                  0x08001dcf   Thumb Code     0  startup_stm32f10x_hd.o(.text)
    UART4_IRQHandler                         0x08001dcf   Thumb Code     0  startup_stm32f10x_hd.o(.text)
    UART5_IRQHandler                         0x08001dcf   Thumb Code     0  startup_stm32f10x_hd.o(.text)
    USBWakeUp_IRQHandler                     0x08001dcf   Thumb Code     0  startup_stm32f10x_hd.o(.text)
    USB_HP_CAN1_TX_IRQHandler                0x08001dcf   Thumb Code     0  startup_stm32f10x_hd.o(.text)
    USB_LP_CAN1_RX0_IRQHandler               0x08001dcf   Thumb Code     0  startup_stm32f10x_hd.o(.text)
    WWDG_IRQHandler                          0x08001dcf   Thumb Code     0  startup_stm32f10x_hd.o(.text)
    __user_initial_stackheap                 0x08001dd1   Thumb Code     0  startup_stm32f10x_hd.o(.text)
    main                                     0x08001df5   Thumb Code   120  main.o(.text)
    NMI_Handler                              0x08001e7d   Thumb Code     2  stm32f10x_it.o(.text)
    HardFault_Handler                        0x08001e7f   Thumb Code     4  stm32f10x_it.o(.text)
    MemManage_Handler                        0x08001e83   Thumb Code     4  stm32f10x_it.o(.text)
    BusFault_Handler                         0x08001e87   Thumb Code     4  stm32f10x_it.o(.text)
    UsageFault_Handler                       0x08001e8b   Thumb Code     4  stm32f10x_it.o(.text)
    SVC_Handler                              0x08001e8f   Thumb Code     2  stm32f10x_it.o(.text)
    DebugMon_Handler                         0x08001e91   Thumb Code     2  stm32f10x_it.o(.text)
    PendSV_Handler                           0x08001e93   Thumb Code     2  stm32f10x_it.o(.text)
    SysTick_Handler                          0x08001e95   Thumb Code     2  stm32f10x_it.o(.text)
    MeM_Tidy                                 0x08001e99   Thumb Code    48  memorymanage.o(.text)
    MeM_Request_Base                         0x08001ec9   Thumb Code    76  memorymanage.o(.text)
    MeM_Request                              0x08001f15   Thumb Code    58  memorymanage.o(.text)
    MeM_Release                              0x08001f4f   Thumb Code     8  memorymanage.o(.text)
    MeM_Init                                 0x08001f57   Thumb Code    28  memorymanage.o(.text)
    STM32F10x_ExternLib_Initialize           0x08001f79   Thumb Code     8  stm32f10x_externlib.o(.text)
    DistoryObject                            0x08001f81   Thumb Code    12  stm32f10x_externlib.o(.text)
    GPIO_Initialize                          0x08001f8d   Thumb Code   334  stm32f10x_externlib_gpio.o(.text)
    GPIO_GenerateUninitialize                0x080020db   Thumb Code   234  stm32f10x_externlib_gpio.o(.text)
    GPIO_InitializeObject                    0x080021c5   Thumb Code   308  stm32f10x_externlib_gpio.o(.text)
    GPIO_WritePin                            0x080022f9   Thumb Code    26  stm32f10x_externlib_gpio.o(.text)
    GPIO_ReadPinInput                        0x08002313   Thumb Code    14  stm32f10x_externlib_gpio.o(.text)
    GPIO_ReadPinOutPut                       0x08002321   Thumb Code    14  stm32f10x_externlib_gpio.o(.text)
    TIM_Deinitialize                         0x0800233d   Thumb Code   134  stm32f10x_externlib_timer.o(.text)
    TIM_InitializeAdvance                    0x080023c3   Thumb Code   442  stm32f10x_externlib_timer.o(.text)
    TIM_Initialize                           0x0800257d   Thumb Code    68  stm32f10x_externlib_timer.o(.text)
    TIM_GenerateUninitialize                 0x080025c1   Thumb Code    22  stm32f10x_externlib_timer.o(.text)
    TIM_InitializeAdvanceObject              0x080025d7   Thumb Code   508  stm32f10x_externlib_timer.o(.text)
    TIM_InitializeObject                     0x080027d3   Thumb Code    62  stm32f10x_externlib_timer.o(.text)
    TIM_GetReloadValue                       0x08002811   Thumb Code     8  stm32f10x_externlib_timer.o(.text)
    TIM_GetPrescalerValue                    0x08002819   Thumb Code     8  stm32f10x_externlib_timer.o(.text)
    TIM_SetReloadValue                       0x08002821   Thumb Code     6  stm32f10x_externlib_timer.o(.text)
    TIM_SetPrescalerValue                    0x08002827   Thumb Code     6  stm32f10x_externlib_timer.o(.text)
    TIM_SetInterval                          0x0800282d   Thumb Code    50  stm32f10x_externlib_timer.o(.text)
    TIM_SetIntervalByReload                  0x0800285f   Thumb Code    50  stm32f10x_externlib_timer.o(.text)
    TIM_GetInterval                          0x08002891   Thumb Code    46  stm32f10x_externlib_timer.o(.text)
    TIM1_UP_IRQHandler                       0x080028bf   Thumb Code    44  stm32f10x_externlib_timer.o(.text)
    TIM2_IRQHandler                          0x080028eb   Thumb Code    44  stm32f10x_externlib_timer.o(.text)
    TIM3_IRQHandler                          0x08002917   Thumb Code    44  stm32f10x_externlib_timer.o(.text)
    TIM4_IRQHandler                          0x08002943   Thumb Code    44  stm32f10x_externlib_timer.o(.text)
    TIM5_IRQHandler                          0x0800296f   Thumb Code    44  stm32f10x_externlib_timer.o(.text)
    TIM6_IRQHandler                          0x0800299b   Thumb Code    44  stm32f10x_externlib_timer.o(.text)
    TIM6_DAC_IRQHandler                      0x080029c7   Thumb Code    44  stm32f10x_externlib_timer.o(.text)
    TIM7_IRQHandler                          0x080029f3   Thumb Code    44  stm32f10x_externlib_timer.o(.text)
    TIM8_UP_IRQHandler                       0x08002a1f   Thumb Code    44  stm32f10x_externlib_timer.o(.text)
    TIM1_BRK_TIM9_IRQHandler                 0x08002a4b   Thumb Code    62  stm32f10x_externlib_timer.o(.text)
    TIM1_UP_TIM10_IRQHandler                 0x08002a89   Thumb Code    84  stm32f10x_externlib_timer.o(.text)
    TIM1_TRG_COM_TIM11_IRQHandler            0x08002add   Thumb Code    80  stm32f10x_externlib_timer.o(.text)
    TIM12_IRQHandler                         0x08002b2d   Thumb Code    44  stm32f10x_externlib_timer.o(.text)
    TIM8_BRK_TIM12_IRQHandler                0x08002b59   Thumb Code    62  stm32f10x_externlib_timer.o(.text)
    TIM13_IRQHandler                         0x08002b97   Thumb Code   154  stm32f10x_externlib_timer.o(.text)
    TIM8_UP_TIM13_IRQHandler                 0x08002c31   Thumb Code    84  stm32f10x_externlib_timer.o(.text)
    TIM14_IRQHandler                         0x08002c85   Thumb Code    44  stm32f10x_externlib_timer.o(.text)
    TIM8_TRG_COM_TIM14_IRQHandler            0x08002cb1   Thumb Code    80  stm32f10x_externlib_timer.o(.text)
    TIM1_BRK_TIM15_IRQHandler                0x08002d01   Thumb Code    62  stm32f10x_externlib_timer.o(.text)
    TIM1_UP_TIM16_IRQHandler                 0x08002d3f   Thumb Code    84  stm32f10x_externlib_timer.o(.text)
    TIM1_TRG_COM_TIM17_IRQHandler            0x08002d93   Thumb Code    80  stm32f10x_externlib_timer.o(.text)
    USART_WriteDataAvaliable                 0x08002e1d   Thumb Code    26  stm32f10x_externlib_usart.o(.text)
    USART_StopWrite                          0x08002e37   Thumb Code    50  stm32f10x_externlib_usart.o(.text)
    USART_WriteBufferRead                    0x08002e69   Thumb Code    56  stm32f10x_externlib_usart.o(.text)
    USART_Write_Base                         0x08002ea1   Thumb Code    30  stm32f10x_externlib_usart.o(.text)
    USART_StartWrite                         0x08002ebf   Thumb Code    24  stm32f10x_externlib_usart.o(.text)
    USART_ReadBufferWrite                    0x08002ed7   Thumb Code   100  stm32f10x_externlib_usart.o(.text)
    USART_Read_Base                          0x08002f3b   Thumb Code    62  stm32f10x_externlib_usart.o(.text)
    USART_ReadDataAvaliable                  0x08002f79   Thumb Code    26  stm32f10x_externlib_usart.o(.text)
    USART_ReadBufferRead                     0x08002f93   Thumb Code    56  stm32f10x_externlib_usart.o(.text)
    USART_WriteBufferWrite                   0x08002fcb   Thumb Code    92  stm32f10x_externlib_usart.o(.text)
    USART_Write                              0x08003027   Thumb Code    16  stm32f10x_externlib_usart.o(.text)
    USART_Read                               0x08003037   Thumb Code    12  stm32f10x_externlib_usart.o(.text)
    USART_DataAvaliable                      0x08003043   Thumb Code    12  stm32f10x_externlib_usart.o(.text)
    USART_WriteStr                           0x0800304f   Thumb Code    26  stm32f10x_externlib_usart.o(.text)
    USART_Initialize                         0x08003069   Thumb Code   422  stm32f10x_externlib_usart.o(.text)
    USART_IRQHandler                         0x0800320f   Thumb Code    84  stm32f10x_externlib_usart.o(.text)
    USART1_IRQHandler                        0x08003263   Thumb Code    12  stm32f10x_externlib_usart.o(.text)
    USART2_IRQHandler                        0x0800326f   Thumb Code    12  stm32f10x_externlib_usart.o(.text)
    USART3_IRQHandler                        0x0800327b   Thumb Code    12  stm32f10x_externlib_usart.o(.text)
    StepperMotor42_Initialize                0x080032a1   Thumb Code   122  stm32f10x_externlib_42steppermotor.o(.text)
    StepperMotor42_Lock                      0x0800331b   Thumb Code   304  stm32f10x_externlib_42steppermotor.o(.text)
    StepperMotor42_StepHandler               0x0800344b   Thumb Code   404  stm32f10x_externlib_42steppermotor.o(.text)
    StepperMotor42_InitializeGroup           0x080035df   Thumb Code    44  stm32f10x_externlib_42steppermotor.o(.text)
    StepperMotor42_AddToGroup                0x0800360b   Thumb Code    44  stm32f10x_externlib_42steppermotor.o(.text)
    StepperMotor42_RotateStep                0x08003637   Thumb Code    14  stm32f10x_externlib_42steppermotor.o(.text)
    StepperMotor42_RotateAngle               0x08003645   Thumb Code    44  stm32f10x_externlib_42steppermotor.o(.text)
    StepperMotor42_RotateCycle               0x08003671   Thumb Code    52  stm32f10x_externlib_42steppermotor.o(.text)
    StepperMotor42_Disable                   0x080036a5   Thumb Code    52  stm32f10x_externlib_42steppermotor.o(.text)
    malloc                                   0x080036d9   Thumb Code    94  h1_alloc.o(.text)
    free                                     0x08003737   Thumb Code    78  h1_free.o(.text)
    strlen                                   0x08003785   Thumb Code    62  strlen.o(.text)
    __use_two_region_memory                  0x080037c3   Thumb Code     2  heapauxi.o(.text)
    __rt_heap_escrow                         0x080037c5   Thumb Code     2  heapauxi.o(.text)
    __rt_heap_expand                         0x080037c7   Thumb Code     2  heapauxi.o(.text)
    __rt_heap_descriptor                     0x080037c9   Thumb Code     8  rt_heap_descriptor_intlibspace.o(.text)
    __use_no_heap                            0x080037d1   Thumb Code     2  hguard.o(.text)
    __heap$guard                             0x080037d3   Thumb Code     2  hguard.o(.text)
    _terminate_user_alloc                    0x080037d5   Thumb Code     2  init_alloc.o(.text)
    _init_user_alloc                         0x080037d7   Thumb Code     2  init_alloc.o(.text)
    __Heap_Full                              0x080037d9   Thumb Code    34  init_alloc.o(.text)
    __Heap_Broken                            0x080037fb   Thumb Code     6  init_alloc.o(.text)
    _init_alloc                              0x08003801   Thumb Code    94  init_alloc.o(.text)
    __Heap_Initialize                        0x0800385f   Thumb Code    10  h1_init.o(.text)
    __Heap_DescSize                          0x08003869   Thumb Code     4  h1_init.o(.text)
    __user_libspace                          0x0800386d   Thumb Code     8  libspace.o(.text)
    __user_perproc_libspace                  0x0800386d   Thumb Code     0  libspace.o(.text)
    __user_perthread_libspace                0x0800386d   Thumb Code     0  libspace.o(.text)
    __Heap_ProvideMemory                     0x08003875   Thumb Code    52  h1_extend.o(.text)
    __rt_SIGRTMEM                            0x080038a9   Thumb Code    14  defsig_rtmem_outer.o(.text)
    __I$use$semihosting                      0x080038b7   Thumb Code     0  use_no_semi.o(.text)
    __use_no_semihosting_swi                 0x080038b7   Thumb Code     2  use_no_semi.o(.text)
    __semihosting_library_function           0x080038b9   Thumb Code     0  indicate_semi.o(.text)
    __user_setup_stackheap                   0x080038b9   Thumb Code    74  sys_stackheap_outer.o(.text)
    exit                                     0x08003903   Thumb Code    18  exit.o(.text)
    __sig_exit                               0x08003915   Thumb Code    10  defsig_exit.o(.text)
    __rt_SIGRTMEM_inner                      0x08003921   Thumb Code    22  defsig_rtmem_inner.o(.text)
    _sys_exit                                0x08003971   Thumb Code     8  sys_exit.o(.text)
    __default_signal_display                 0x0800397d   Thumb Code    50  defsig_general.o(.text)
    _ttywrch                                 0x080039af   Thumb Code    14  sys_wrch.o(.text)
    __aeabi_fdiv                             0x080039bd   Thumb Code     0  fdiv.o(x$fpl$fdiv)
    _fdiv                                    0x080039bd   Thumb Code   384  fdiv.o(x$fpl$fdiv)
    __aeabi_f2uiz                            0x08003b41   Thumb Code     0  ffixu.o(x$fpl$ffixu)
    _ffixu                                   0x08003b41   Thumb Code    62  ffixu.o(x$fpl$ffixu)
    __aeabi_fmul                             0x08003b81   Thumb Code     0  fmul.o(x$fpl$fmul)
    _fmul                                    0x08003b81   Thumb Code   258  fmul.o(x$fpl$fmul)
    __fpl_fnaninf                            0x08003c83   Thumb Code   140  fnaninf.o(x$fpl$fnaninf)
    __fpl_fretinf                            0x08003d0f   Thumb Code    10  fretinf.o(x$fpl$fretinf)
    EmptyObject                              0x08003d18   Data           4  stm32f10x_externlib.o(.constdata)
    __I$use$fp                               0x08003d18   Number         0  usenofp.o(x$fpl$usenofp)
    Region$$Table$$Base                      0x08003d1c   Number         0  anon$$obj.o(Region$$Table)
    Region$$Table$$Limit                     0x08003d3c   Number         0  anon$$obj.o(Region$$Table)
    SystemCoreClock                          0x20000000   Data           4  system_stm32f10x.o(.data)
    AHBPrescTable                            0x20000004   Data          16  system_stm32f10x.o(.data)
    motorGroup                               0x20000028   Data           4  main.o(.data)
    motor                                    0x2000002c   Data           4  main.o(.data)
    __libspace_start                         0x20002080   Data          96  libspace.o(.bss)
    __temporary_stack_top$libspace           0x200020e0   Data           0  libspace.o(.bss)



==============================================================================

Memory Map of the image

  Image Entry point : 0x08000131

  Load Region LR_IROM1 (Base: 0x08000000, Size: 0x00003dbc, Max: 0x00040000, ABSOLUTE)

    Execution Region ER_IROM1 (Exec base: 0x08000000, Load base: 0x08000000, Size: 0x00003d3c, Max: 0x00040000, ABSOLUTE)

    Exec Addr    Load Addr    Size         Type   Attr      Idx    E Section Name        Object

    0x08000000   0x08000000   0x00000130   Data   RO          417    RESET               startup_stm32f10x_hd.o
    0x08000130   0x08000130   0x00000008   Code   RO          688  * !!!main             c_w.l(__main.o)
    0x08000138   0x08000138   0x00000034   Code   RO          908    !!!scatter          c_w.l(__scatter.o)
    0x0800016c   0x0800016c   0x0000001a   Code   RO          910    !!handler_copy      c_w.l(__scatter_copy.o)
    0x08000186   0x08000186   0x00000002   PAD
    0x08000188   0x08000188   0x0000001c   Code   RO          912    !!handler_zi        c_w.l(__scatter_zi.o)
    0x080001a4   0x080001a4   0x00000002   Code   RO          845    .ARM.Collect$$libinit$$00000000  c_w.l(libinit.o)
    0x080001a6   0x080001a6   0x00000000   Code   RO          733    .ARM.Collect$$libinit$$00000002  c_w.l(libinit2.o)
    0x080001a6   0x080001a6   0x00000000   Code   RO          735    .ARM.Collect$$libinit$$00000004  c_w.l(libinit2.o)
    0x080001a6   0x080001a6   0x00000008   Code   RO          736    .ARM.Collect$$libinit$$00000005  c_w.l(libinit2.o)
    0x080001ae   0x080001ae   0x00000000   Code   RO          738    .ARM.Collect$$libinit$$0000000A  c_w.l(libinit2.o)
    0x080001ae   0x080001ae   0x00000000   Code   RO          740    .ARM.Collect$$libinit$$0000000C  c_w.l(libinit2.o)
    0x080001ae   0x080001ae   0x00000000   Code   RO          742    .ARM.Collect$$libinit$$0000000E  c_w.l(libinit2.o)
    0x080001ae   0x080001ae   0x00000000   Code   RO          745    .ARM.Collect$$libinit$$00000011  c_w.l(libinit2.o)
    0x080001ae   0x080001ae   0x00000000   Code   RO          747    .ARM.Collect$$libinit$$00000013  c_w.l(libinit2.o)
    0x080001ae   0x080001ae   0x00000000   Code   RO          749    .ARM.Collect$$libinit$$00000015  c_w.l(libinit2.o)
    0x080001ae   0x080001ae   0x00000000   Code   RO          751    .ARM.Collect$$libinit$$00000017  c_w.l(libinit2.o)
    0x080001ae   0x080001ae   0x00000000   Code   RO          753    .ARM.Collect$$libinit$$00000019  c_w.l(libinit2.o)
    0x080001ae   0x080001ae   0x00000000   Code   RO          755    .ARM.Collect$$libinit$$0000001B  c_w.l(libinit2.o)
    0x080001ae   0x080001ae   0x00000000   Code   RO          757    .ARM.Collect$$libinit$$0000001D  c_w.l(libinit2.o)
    0x080001ae   0x080001ae   0x00000000   Code   RO          759    .ARM.Collect$$libinit$$0000001F  c_w.l(libinit2.o)
    0x080001ae   0x080001ae   0x00000000   Code   RO          761    .ARM.Collect$$libinit$$00000021  c_w.l(libinit2.o)
    0x080001ae   0x080001ae   0x00000000   Code   RO          763    .ARM.Collect$$libinit$$00000023  c_w.l(libinit2.o)
    0x080001ae   0x080001ae   0x00000000   Code   RO          765    .ARM.Collect$$libinit$$00000025  c_w.l(libinit2.o)
    0x080001ae   0x080001ae   0x00000000   Code   RO          769    .ARM.Collect$$libinit$$0000002C  c_w.l(libinit2.o)
    0x080001ae   0x080001ae   0x00000000   Code   RO          771    .ARM.Collect$$libinit$$0000002E  c_w.l(libinit2.o)
    0x080001ae   0x080001ae   0x00000000   Code   RO          773    .ARM.Collect$$libinit$$00000030  c_w.l(libinit2.o)
    0x080001ae   0x080001ae   0x00000000   Code   RO          775    .ARM.Collect$$libinit$$00000032  c_w.l(libinit2.o)
    0x080001ae   0x080001ae   0x00000002   Code   RO          776    .ARM.Collect$$libinit$$00000033  c_w.l(libinit2.o)
    0x080001b0   0x080001b0   0x00000002   Code   RO          905    .ARM.Collect$$libshutdown$$00000000  c_w.l(libshutdown.o)
    0x080001b2   0x080001b2   0x00000000   Code   RO          859    .ARM.Collect$$libshutdown$$00000002  c_w.l(libshutdown2.o)
    0x080001b2   0x080001b2   0x00000000   Code   RO          861    .ARM.Collect$$libshutdown$$00000004  c_w.l(libshutdown2.o)
    0x080001b2   0x080001b2   0x00000000   Code   RO          863    .ARM.Collect$$libshutdown$$00000006  c_w.l(libshutdown2.o)
    0x080001b2   0x080001b2   0x00000000   Code   RO          866    .ARM.Collect$$libshutdown$$00000009  c_w.l(libshutdown2.o)
    0x080001b2   0x080001b2   0x00000000   Code   RO          869    .ARM.Collect$$libshutdown$$0000000C  c_w.l(libshutdown2.o)
    0x080001b2   0x080001b2   0x00000000   Code   RO          871    .ARM.Collect$$libshutdown$$0000000E  c_w.l(libshutdown2.o)
    0x080001b2   0x080001b2   0x00000000   Code   RO          874    .ARM.Collect$$libshutdown$$00000011  c_w.l(libshutdown2.o)
    0x080001b2   0x080001b2   0x00000002   Code   RO          875    .ARM.Collect$$libshutdown$$00000012  c_w.l(libshutdown2.o)
    0x080001b4   0x080001b4   0x00000000   Code   RO          702    .ARM.Collect$$rtentry$$00000000  c_w.l(__rtentry.o)
    0x080001b4   0x080001b4   0x00000000   Code   RO          788    .ARM.Collect$$rtentry$$00000002  c_w.l(__rtentry2.o)
    0x080001b4   0x080001b4   0x00000006   Code   RO          800    .ARM.Collect$$rtentry$$00000004  c_w.l(__rtentry4.o)
    0x080001ba   0x080001ba   0x00000000   Code   RO          790    .ARM.Collect$$rtentry$$00000009  c_w.l(__rtentry2.o)
    0x080001ba   0x080001ba   0x00000004   Code   RO          791    .ARM.Collect$$rtentry$$0000000A  c_w.l(__rtentry2.o)
    0x080001be   0x080001be   0x00000000   Code   RO          793    .ARM.Collect$$rtentry$$0000000C  c_w.l(__rtentry2.o)
    0x080001be   0x080001be   0x00000008   Code   RO          794    .ARM.Collect$$rtentry$$0000000D  c_w.l(__rtentry2.o)
    0x080001c6   0x080001c6   0x00000002   Code   RO          848    .ARM.Collect$$rtexit$$00000000  c_w.l(rtexit.o)
    0x080001c8   0x080001c8   0x00000000   Code   RO          879    .ARM.Collect$$rtexit$$00000002  c_w.l(rtexit2.o)
    0x080001c8   0x080001c8   0x00000004   Code   RO          880    .ARM.Collect$$rtexit$$00000003  c_w.l(rtexit2.o)
    0x080001cc   0x080001cc   0x00000006   Code   RO          881    .ARM.Collect$$rtexit$$00000004  c_w.l(rtexit2.o)
    0x080001d2   0x080001d2   0x00000002   PAD
    0x080001d4   0x080001d4   0x00000000   Code   RO          804    .emb_text           c_w.l(maybetermalloc1.o)
    0x080001d4   0x080001d4   0x000001e0   Code   RO           17    .text               system_stm32f10x.o
    0x080003b4   0x080003b4   0x000000dc   Code   RO          114    .text               misc.o
    0x08000490   0x08000490   0x0000035c   Code   RO          281    .text               stm32f10x_gpio.o
    0x080007ec   0x080007ec   0x000003a4   Code   RO          329    .text               stm32f10x_rcc.o
    0x08000b90   0x08000b90   0x00000e1a   Code   RO          379    .text               stm32f10x_tim.o
    0x080019aa   0x080019aa   0x00000002   PAD
    0x080019ac   0x080019ac   0x00000408   Code   RO          391    .text               stm32f10x_usart.o
    0x08001db4   0x08001db4   0x00000040   Code   RO          418    .text               startup_stm32f10x_hd.o
    0x08001df4   0x08001df4   0x00000088   Code   RO          422    .text               main.o
    0x08001e7c   0x08001e7c   0x0000001a   Code   RO          472    .text               stm32f10x_it.o
    0x08001e96   0x08001e96   0x00000002   PAD
    0x08001e98   0x08001e98   0x000000e0   Code   RO          487    .text               memorymanage.o
    0x08001f78   0x08001f78   0x00000014   Code   RO          523    .text               stm32f10x_externlib.o
    0x08001f8c   0x08001f8c   0x000003b0   Code   RO          547    .text               stm32f10x_externlib_gpio.o
    0x0800233c   0x0800233c   0x00000ae0   Code   RO          571    .text               stm32f10x_externlib_timer.o
    0x08002e1c   0x08002e1c   0x00000484   Code   RO          588    .text               stm32f10x_externlib_usart.o
    0x080032a0   0x080032a0   0x00000438   Code   RO          605    .text               stm32f10x_externlib_42steppermotor.o
    0x080036d8   0x080036d8   0x0000005e   Code   RO          626    .text               c_w.l(h1_alloc.o)
    0x08003736   0x08003736   0x0000004e   Code   RO          628    .text               c_w.l(h1_free.o)
    0x08003784   0x08003784   0x0000003e   Code   RO          684    .text               c_w.l(strlen.o)
    0x080037c2   0x080037c2   0x00000006   Code   RO          686    .text               c_w.l(heapauxi.o)
    0x080037c8   0x080037c8   0x00000008   Code   RO          706    .text               c_w.l(rt_heap_descriptor_intlibspace.o)
    0x080037d0   0x080037d0   0x00000004   Code   RO          708    .text               c_w.l(hguard.o)
    0x080037d4   0x080037d4   0x0000008a   Code   RO          710    .text               c_w.l(init_alloc.o)
    0x0800385e   0x0800385e   0x0000000e   Code   RO          714    .text               c_w.l(h1_init.o)
    0x0800386c   0x0800386c   0x00000008   Code   RO          784    .text               c_w.l(libspace.o)
    0x08003874   0x08003874   0x00000034   Code   RO          806    .text               c_w.l(h1_extend.o)
    0x080038a8   0x080038a8   0x0000000e   Code   RO          810    .text               c_w.l(defsig_rtmem_outer.o)
    0x080038b6   0x080038b6   0x00000002   Code   RO          821    .text               c_w.l(use_no_semi.o)
    0x080038b8   0x080038b8   0x00000000   Code   RO          823    .text               c_w.l(indicate_semi.o)
    0x080038b8   0x080038b8   0x0000004a   Code   RO          824    .text               c_w.l(sys_stackheap_outer.o)
    0x08003902   0x08003902   0x00000012   Code   RO          830    .text               c_w.l(exit.o)
    0x08003914   0x08003914   0x0000000a   Code   RO          832    .text               c_w.l(defsig_exit.o)
    0x0800391e   0x0800391e   0x00000002   PAD
    0x08003920   0x08003920   0x00000050   Code   RO          834    .text               c_w.l(defsig_rtmem_inner.o)
    0x08003970   0x08003970   0x0000000c   Code   RO          846    .text               c_w.l(sys_exit.o)
    0x0800397c   0x0800397c   0x00000032   Code   RO          856    .text               c_w.l(defsig_general.o)
    0x080039ae   0x080039ae   0x0000000e   Code   RO          876    .text               c_w.l(sys_wrch.o)
    0x080039bc   0x080039bc   0x00000184   Code   RO          691    x$fpl$fdiv          fz_ws.l(fdiv.o)
    0x08003b40   0x08003b40   0x0000003e   Code   RO          694    x$fpl$ffixu         fz_ws.l(ffixu.o)
    0x08003b7e   0x08003b7e   0x00000002   PAD
    0x08003b80   0x08003b80   0x00000102   Code   RO          698    x$fpl$fmul          fz_ws.l(fmul.o)
    0x08003c82   0x08003c82   0x0000008c   Code   RO          777    x$fpl$fnaninf       fz_ws.l(fnaninf.o)
    0x08003d0e   0x08003d0e   0x0000000a   Code   RO          779    x$fpl$fretinf       fz_ws.l(fretinf.o)
    0x08003d18   0x08003d18   0x00000000   Code   RO          781    x$fpl$usenofp       fz_ws.l(usenofp.o)
    0x08003d18   0x08003d18   0x00000004   Data   RO          524    .constdata          stm32f10x_externlib.o
    0x08003d1c   0x08003d1c   0x00000020   Data   RO          906    Region$$Table       anon$$obj.o


    Execution Region RW_IRAM1 (Exec base: 0x20000000, Load base: 0x08003d3c, Size: 0x000026e0, Max: 0x0000c000, ABSOLUTE)

    Exec Addr    Load Addr    Size         Type   Attr      Idx    E Section Name        Object

    0x20000000   0x08003d3c   0x00000014   Data   RW           18    .data               system_stm32f10x.o
    0x20000014   0x08003d50   0x00000014   Data   RW          330    .data               stm32f10x_rcc.o
    0x20000028   0x08003d64   0x00000008   Data   RW          423    .data               main.o
    0x20000030   0x08003d6c   0x00000044   Data   RW          572    .data               stm32f10x_externlib_timer.o
    0x20000074   0x08003db0   0x0000000c   Data   RW          589    .data               stm32f10x_externlib_usart.o
    0x20000080        -       0x00002000   Zero   RW          488    .bss                memorymanage.o
    0x20002080        -       0x00000060   Zero   RW          785    .bss                c_w.l(libspace.o)
    0x200020e0        -       0x00000200   Zero   RW          416    HEAP                startup_stm32f10x_hd.o
    0x200022e0        -       0x00000400   Zero   RW          415    STACK               startup_stm32f10x_hd.o


==============================================================================

Image component sizes


      Code (inc. data)   RO Data    RW Data    ZI Data      Debug   Object Name

         0          0          0          0          0       4540   core_cm3.o
       136         16          0          8          0       5352   main.o
       224          6          0          0       8192       5407   memorymanage.o
       220         22          0          0          0     206661   misc.o
        64         26        304          0       1536        840   startup_stm32f10x_hd.o
        20          0          4          0          0       1969   stm32f10x_externlib.o
      1080         24          0          0          0       4731   stm32f10x_externlib_42steppermotor.o
       944         14          0          0          0       2953   stm32f10x_externlib_gpio.o
      2784        310          0         68          0      10227   stm32f10x_externlib_timer.o
      1156         26          0         12          0       6335   stm32f10x_externlib_usart.o
       860         38          0          0          0       5761   stm32f10x_gpio.o
        26          0          0          0          0       1242   stm32f10x_it.o
       932         36          0         20          0       8968   stm32f10x_rcc.o
      3610         88          0          0          0      22868   stm32f10x_tim.o
      1032         22          0          0          0       8484   stm32f10x_usart.o
       480         38          0         20          0      45487   system_stm32f10x.o

    ----------------------------------------------------------------------
     13572        666        340        128       9728     341825   Object Totals
         0          0         32          0          0          0   (incl. Generated)
         4          0          0          0          0          0   (incl. Padding)

    ----------------------------------------------------------------------

      Code (inc. data)   RO Data    RW Data    ZI Data      Debug   Library Member Name

         8          0          0          0          0         68   __main.o
         0          0          0          0          0          0   __rtentry.o
        12          0          0          0          0          0   __rtentry2.o
         6          0          0          0          0          0   __rtentry4.o
        52          8          0          0          0          0   __scatter.o
        26          0          0          0          0          0   __scatter_copy.o
        28          0          0          0          0          0   __scatter_zi.o
        10          0          0          0          0         68   defsig_exit.o
        50          0          0          0          0         88   defsig_general.o
        80         58          0          0          0         76   defsig_rtmem_inner.o
        14          0          0          0          0         80   defsig_rtmem_outer.o
        18          0          0          0          0         80   exit.o
        94          0          0          0          0         80   h1_alloc.o
        52          0          0          0          0         68   h1_extend.o
        78          0          0          0          0         80   h1_free.o
        14          0          0          0          0         84   h1_init.o
         6          0          0          0          0        152   heapauxi.o
         4          0          0          0          0        136   hguard.o
         0          0          0          0          0          0   indicate_semi.o
       138          0          0          0          0        168   init_alloc.o
         2          0          0          0          0          0   libinit.o
        10          0          0          0          0          0   libinit2.o
         2          0          0          0          0          0   libshutdown.o
         2          0          0          0          0          0   libshutdown2.o
         8          4          0          0         96         68   libspace.o
         0          0          0          0          0          0   maybetermalloc1.o
         8          4          0          0          0         68   rt_heap_descriptor_intlibspace.o
         2          0          0          0          0          0   rtexit.o
        10          0          0          0          0          0   rtexit2.o
        62          0          0          0          0         76   strlen.o
        12          4          0          0          0         68   sys_exit.o
        74          0          0          0          0         80   sys_stackheap_outer.o
        14          0          0          0          0         76   sys_wrch.o
         2          0          0          0          0         68   use_no_semi.o
       388         76          0          0          0         96   fdiv.o
        62          4          0          0          0         84   ffixu.o
       258          4          0          0          0         84   fmul.o
       140          4          0          0          0         84   fnaninf.o
        10          0          0          0          0         68   fretinf.o
         0          0          0          0          0          0   usenofp.o

    ----------------------------------------------------------------------
      1764        166          0          0         96       2148   Library Totals
         8          0          0          0          0          0   (incl. Padding)

    ----------------------------------------------------------------------

      Code (inc. data)   RO Data    RW Data    ZI Data      Debug   Library Name

       898         78          0          0         96       1732   c_w.l
       858         88          0          0          0        416   fz_ws.l

    ----------------------------------------------------------------------
      1764        166          0          0         96       2148   Library Totals

    ----------------------------------------------------------------------

==============================================================================


      Code (inc. data)   RO Data    RW Data    ZI Data      Debug   

     15336        832        340        128       9824     341577   Grand Totals
     15336        832        340        128       9824     341577   ELF Image Totals
     15336        832        340        128          0          0   ROM Totals

==============================================================================

    Total RO  Size (Code + RO Data)                15676 (  15.31kB)
    Total RW  Size (RW Data + ZI Data)              9952 (   9.72kB)
    Total ROM Size (Code + RO Data + RW Data)      15804 (  15.43kB)

==============================================================================

